<html>
<body>
<pre>
<h1>µVision Build Log</h1>
<h2>Tool Versions:</h2>
IDE-Version: ¦ÌVision V5.39.0.0
Copyright (C) 2023 ARM Ltd and ARM Germany GmbH. All rights reserved.
License Information: 695465127@qq.com,  , LIC=ZB4EI-TYXW6-2Z7W4-F2VTB-TC5LY-CQJV2
 
Tool Versions:
Toolchain:       MDK-ARM Plus  Version: 5.39.0.0
Toolchain Path:  C:\Keil_v5\ARM\ARMCLANG\Bin
C Compiler:      ArmClang.exe V6.21
Assembler:       Armasm.exe V6.21
Linker/Locator:  ArmLink.exe V6.21
Library Manager: ArmAr.exe V6.21
Hex Converter:   FromElf.exe V6.21
CPU DLL:         SARMCM3.DLL V5.39.0.0
Dialog DLL:      DCM.DLL V1.17.5.0
Target DLL:      CMSIS_AGDI.dll V1.33.16.0
Dialog DLL:      TCM.DLL V1.56.4.0
 
<h2>Project:</h2>
c:\Users\69546\Desktop\Ó²¼þÆ½Ì¨\chassis_task\MDK-ARM\chassis_task.uvprojx
Project File Date:  07/16/2024

<h2>Output:</h2>
*** Using Compiler 'V6.21', folder: 'C:\Keil_v5\ARM\ARMCLANG\Bin'
Build target 'chassis_task'
compiling spi.c...
compiling main.c...
compiling usbd_cdc_if.c...
compiling gpio.c...
compiling can.c...
compiling usart.c...
compiling stm32f4xx_ll_usb.c...
compiling stm32f4xx_hal_pwr.c...
compiling usbd_desc.c...
compiling stm32f4xx_hal_exti.c...
compiling stm32f4xx_hal_flash_ramfunc.c...
compiling stm32f4xx_hal_rcc.c...
compiling usb_device.c...
compiling stm32f4xx_hal_flash.c...
compiling tim.c...
compiling stm32f4xx_hal_flash_ex.c...
compiling stm32f4xx_hal_pwr_ex.c...
compiling stm32f4xx_hal_cortex.c...
compiling stm32f4xx_hal_gpio.c...
compiling stm32f4xx_hal_msp.c...
compiling stm32f4xx_hal_pcd.c...
compiling croutine.c...
compiling dma.c...
compiling stm32f4xx_hal_dma.c...
compiling stm32f4xx_hal_pcd_ex.c...
compiling list.c...
compiling stm32f4xx_hal_timebase_tim.c...
compiling event_groups.c...
compiling usbd_conf.c...
compiling stm32f4xx_hal.c...
compiling stm32f4xx_hal_dma_ex.c...
compiling system_stm32f4xx.c...
compiling queue.c...
compiling freertos.c...
compiling stm32f4xx_it.c...
compiling stm32f4xx_hal_rcc_ex.c...
compiling stm32f4xx_hal_can.c...
compiling stream_buffer.c...
compiling stm32f4xx_hal_spi.c...
compiling stm32f4xx_hal_tim_ex.c...
compiling stm32f4xx_hal_uart.c...
compiling tasks.c...
compiling stm32f4xx_hal_tim.c...
compiling timers.c...
compiling cmsis_os.c...
compiling heap_4.c...
compiling port.c...
compiling app_communicate.c...
compiling app_init.c...
compiling app_ins.c...
compiling app_watchDog.c...
compiling app_remote.c...
compiling app_chassis.c...
compiling periph_remote.c...
compiling periph_motor.c...
compiling periph_bmi088.c...
compiling periph_servo.c...
compiling util_can.c...
compiling util_flash.c...
compiling util_gpio.c...
compiling util_pwm.c...
compiling util_spi.c...
compiling util_uart.c...
compiling sys_const.c...
compiling sys_dwt.c...
compiling sys_softTimer.c...
compiling alg_crc.c...
compiling alg_filter.c...
compiling alg_kalman.c...
compiling alg_math.c...
compiling alg_pid.c...
compiling lib_buff.c...
compiling alg_quaternionEKF.c...
compiling lib_delay.c...
compiling protocol_common.c...
compiling protocol_receive.c...
compiling protocol_transmit.c...
compiling usbd_core.c...
compiling usbd_ioreq.c...
compiling usbd_ctlreq.c...
compiling usbd_cdc.c...
linking...
Program Size: Code=88108 RO-data=3380 RW-data=536 ZI-data=43864  
FromELF: creating hex file...
"chassis_task\chassis_task.axf" - 0 Error(s), 0 Warning(s).

<h2>Software Packages used:</h2>

Package Vendor: ARM
                http://www.keil.com/pack/ARM.CMSIS.5.9.0.pack
                ARM::CMSIS@5.9.0
                CMSIS (Common Microcontroller Software Interface Standard)
   * Component: CORE Version: 5.6.0

Package Vendor: Keil
                http://www.keil.com/pack/Keil.STM32F4xx_DFP.2.15.0.pack
                Keil::STM32F4xx_DFP@2.15.0
                STMicroelectronics STM32F4 Series Device Support, Drivers and Examples

<h2>Collection of Component include folders:</h2>
  ./RTE/_chassis_task
  C:/Users/69546/AppData/Local/Arm/Packs/ARM/CMSIS/5.9.0/CMSIS/Core/Include
  C:/Users/69546/AppData/Local/Arm/Packs/Keil/STM32F4xx_DFP/2.15.0/Drivers/CMSIS/Device/ST/STM32F4xx/Include

<h2>Collection of Component Files used:</h2>

   * Component: ARM::CMSIS:CORE@5.6.0
      Include file:  CMSIS/Core/Include/tz_context.h
Build Time Elapsed:  00:00:04
</pre>
</body>
</html>
