Component: Arm Compiler for Embedded 6.21 Tool: armlink [5ec1fa00]

==============================================================================

Section Cross References

    startup_stm32f407xx.o(RESET) refers to startup_stm32f407xx.o(STACK) for __initial_sp
    startup_stm32f407xx.o(RESET) refers to startup_stm32f407xx.o(.text) for Reset_Handler
    startup_stm32f407xx.o(RESET) refers to stm32f4xx_it.o(.text.NMI_Handler) for NMI_Handler
    startup_stm32f407xx.o(RESET) refers to stm32f4xx_it.o(.text.HardFault_Handler) for HardFault_Handler
    startup_stm32f407xx.o(RESET) refers to stm32f4xx_it.o(.text.MemManage_Handler) for MemManage_Handler
    startup_stm32f407xx.o(RESET) refers to stm32f4xx_it.o(.text.BusFault_Handler) for BusFault_Handler
    startup_stm32f407xx.o(RESET) refers to stm32f4xx_it.o(.text.UsageFault_Handler) for UsageFault_Handler
    startup_stm32f407xx.o(RESET) refers to port.o(.text.SVC_Handler) for SVC_Handler
    startup_stm32f407xx.o(RESET) refers to stm32f4xx_it.o(.text.DebugMon_Handler) for DebugMon_Handler
    startup_stm32f407xx.o(RESET) refers to port.o(.text.PendSV_Handler) for PendSV_Handler
    startup_stm32f407xx.o(RESET) refers to port.o(.text.SysTick_Handler) for SysTick_Handler
    startup_stm32f407xx.o(RESET) refers to stm32f4xx_it.o(.text.EXTI3_IRQHandler) for EXTI3_IRQHandler
    startup_stm32f407xx.o(RESET) refers to stm32f4xx_it.o(.text.EXTI4_IRQHandler) for EXTI4_IRQHandler
    startup_stm32f407xx.o(RESET) refers to stm32f4xx_it.o(.text.DMA1_Stream1_IRQHandler) for DMA1_Stream1_IRQHandler
    startup_stm32f407xx.o(RESET) refers to stm32f4xx_it.o(.text.CAN1_RX0_IRQHandler) for CAN1_RX0_IRQHandler
    startup_stm32f407xx.o(RESET) refers to stm32f4xx_it.o(.text.EXTI9_5_IRQHandler) for EXTI9_5_IRQHandler
    startup_stm32f407xx.o(RESET) refers to stm32f4xx_it.o(.text.USART1_IRQHandler) for USART1_IRQHandler
    startup_stm32f407xx.o(RESET) refers to stm32f4xx_it.o(.text.USART3_IRQHandler) for USART3_IRQHandler
    startup_stm32f407xx.o(RESET) refers to stm32f4xx_it.o(.text.TIM6_DAC_IRQHandler) for TIM6_DAC_IRQHandler
    startup_stm32f407xx.o(RESET) refers to stm32f4xx_it.o(.text.CAN2_RX0_IRQHandler) for CAN2_RX0_IRQHandler
    startup_stm32f407xx.o(RESET) refers to stm32f4xx_it.o(.text.OTG_FS_IRQHandler) for OTG_FS_IRQHandler
    startup_stm32f407xx.o(RESET) refers to stm32f4xx_it.o(.text.DMA2_Stream5_IRQHandler) for DMA2_Stream5_IRQHandler
    startup_stm32f407xx.o(.text) refers to system_stm32f4xx.o(.text.SystemInit) for SystemInit
    startup_stm32f407xx.o(.text) refers to entry.o(.ARM.Collect$$$$00000000) for __main
    main.o(.text.main) refers to stm32f4xx_hal.o(.text.HAL_Init) for HAL_Init
    main.o(.text.main) refers to main.o(.text.SystemClock_Config) for SystemClock_Config
    main.o(.text.main) refers to gpio.o(.text.MX_GPIO_Init) for MX_GPIO_Init
    main.o(.text.main) refers to dma.o(.text.MX_DMA_Init) for MX_DMA_Init
    main.o(.text.main) refers to can.o(.text.MX_CAN1_Init) for MX_CAN1_Init
    main.o(.text.main) refers to can.o(.text.MX_CAN2_Init) for MX_CAN2_Init
    main.o(.text.main) refers to spi.o(.text.MX_SPI1_Init) for MX_SPI1_Init
    main.o(.text.main) refers to usart.o(.text.MX_USART1_UART_Init) for MX_USART1_UART_Init
    main.o(.text.main) refers to tim.o(.text.MX_TIM1_Init) for MX_TIM1_Init
    main.o(.text.main) refers to tim.o(.text.MX_TIM8_Init) for MX_TIM8_Init
    main.o(.text.main) refers to tim.o(.text.MX_TIM12_Init) for MX_TIM12_Init
    main.o(.text.main) refers to usart.o(.text.MX_USART3_UART_Init) for MX_USART3_UART_Init
    main.o(.text.main) refers to app_init.o(.text.Init_InitAll) for Init_InitAll
    main.o(.text.main) refers to freertos.o(.text.MX_FREERTOS_Init) for MX_FREERTOS_Init
    main.o(.text.main) refers to cmsis_os.o(.text.osKernelStart) for osKernelStart
    main.o(.ARM.exidx.text.main) refers to main.o(.text.main) for [Anonymous Symbol]
    main.o(.text.SystemClock_Config) refers to memseta.o(.text) for __aeabi_memclr4
    main.o(.text.SystemClock_Config) refers to stm32f4xx_hal_rcc.o(.text.HAL_RCC_OscConfig) for HAL_RCC_OscConfig
    main.o(.text.SystemClock_Config) refers to main.o(.text.Error_Handler) for Error_Handler
    main.o(.text.SystemClock_Config) refers to stm32f4xx_hal_rcc.o(.text.HAL_RCC_ClockConfig) for HAL_RCC_ClockConfig
    main.o(.ARM.exidx.text.SystemClock_Config) refers to main.o(.text.SystemClock_Config) for [Anonymous Symbol]
    main.o(.ARM.exidx.text.Error_Handler) refers to main.o(.text.Error_Handler) for [Anonymous Symbol]
    main.o(.text.HAL_TIM_PeriodElapsedCallback) refers to stm32f4xx_hal.o(.text.HAL_IncTick) for HAL_IncTick
    main.o(.ARM.exidx.text.HAL_TIM_PeriodElapsedCallback) refers to main.o(.text.HAL_TIM_PeriodElapsedCallback) for [Anonymous Symbol]
    gpio.o(.text.MX_GPIO_Init) refers to stm32f4xx_hal_gpio.o(.text.HAL_GPIO_WritePin) for HAL_GPIO_WritePin
    gpio.o(.text.MX_GPIO_Init) refers to stm32f4xx_hal_gpio.o(.text.HAL_GPIO_Init) for HAL_GPIO_Init
[...]
    0x08002c68   0x08002c68   0x00000008   Code   RO         1059    .text.HAL_CAN_ErrorCallback  stm32f4xx_hal_can.o
    0x08002c70   0x08002c70   0x000001f0   Code   RO         1025    .text.HAL_CAN_GetRxMessage  stm32f4xx_hal_can.o
    0x08002e60   0x08002e60   0x000003f2   Code   RO         1033    .text.HAL_CAN_IRQHandler  stm32f4xx_hal_can.o
    0x08003252   0x08003252   0x00000002   PAD
    0x08003254   0x08003254   0x000001de   Code   RO          995    .text.HAL_CAN_Init  stm32f4xx_hal_can.o
    0x08003432   0x08003432   0x00000002   PAD
    0x08003434   0x08003434   0x00000184   Code   RO           85    .text.HAL_CAN_MspInit  can.o
    0x080035b8   0x080035b8   0x00000008   Code   RO         1047    .text.HAL_CAN_RxFifo0FullCallback  stm32f4xx_hal_can.o
    0x080035c0   0x080035c0   0x00000048   Code   RO         2528    .text.HAL_CAN_RxFifo0MsgPendingCallback  util_can.o
    0x08003608   0x08003608   0x00000008   Code   RO         1051    .text.HAL_CAN_RxFifo1FullCallback  stm32f4xx_hal_can.o
    0x08003610   0x08003610   0x00000048   Code   RO         2524    .text.HAL_CAN_RxFifo1MsgPendingCallback  util_can.o
    0x08003658   0x08003658   0x00000008   Code   RO         1055    .text.HAL_CAN_SleepCallback  stm32f4xx_hal_can.o
    0x08003660   0x08003660   0x0000008a   Code   RO         1007    .text.HAL_CAN_Start  stm32f4xx_hal_can.o
    0x080036ea   0x080036ea   0x00000002   PAD
    0x080036ec   0x080036ec   0x00000008   Code   RO         1037    .text.HAL_CAN_TxMailbox0AbortCallback  stm32f4xx_hal_can.o
    0x080036f4   0x080036f4   0x00000008   Code   RO         1035    .text.HAL_CAN_TxMailbox0CompleteCallback  stm32f4xx_hal_can.o
    0x080036fc   0x080036fc   0x00000008   Code   RO         1041    .text.HAL_CAN_TxMailbox1AbortCallback  stm32f4xx_hal_can.o
    0x08003704   0x08003704   0x00000008   Code   RO         1039    .text.HAL_CAN_TxMailbox1CompleteCallback  stm32f4xx_hal_can.o
    0x0800370c   0x0800370c   0x00000008   Code   RO         1045    .text.HAL_CAN_TxMailbox2AbortCallback  stm32f4xx_hal_can.o
    0x08003714   0x08003714   0x00000008   Code   RO         1043    .text.HAL_CAN_TxMailbox2CompleteCallback  stm32f4xx_hal_can.o
    0x0800371c   0x0800371c   0x00000008   Code   RO         1057    .text.HAL_CAN_WakeUpFromRxMsgCallback  stm32f4xx_hal_can.o
    0x08003724   0x08003724   0x000000ec   Code   RO          751    .text.HAL_DMA_Abort  stm32f4xx_hal_dma.o
    0x08003810   0x08003810   0x00000044   Code   RO          753    .text.HAL_DMA_Abort_IT  stm32f4xx_hal_dma.o
    0x08003854   0x08003854   0x0000031e   Code   RO          757    .text.HAL_DMA_IRQHandler  stm32f4xx_hal_dma.o
    0x08003b72   0x08003b72   0x00000002   PAD
    0x08003b74   0x08003b74   0x0000016e   Code   RO          737    .text.HAL_DMA_Init  stm32f4xx_hal_dma.o
    0x08003ce2   0x08003ce2   0x00000002   PAD
    0x08003ce4   0x08003ce4   0x0000008e   Code   RO          745    .text.HAL_DMA_Start  stm32f4xx_hal_dma.o
    0x08003d72   0x08003d72   0x00000002   PAD
    0x08003d74   0x08003d74   0x00000042   Code   RO          926    .text.HAL_Delay     stm32f4xx_hal.o
    0x08003db6   0x08003db6   0x00000002   PAD
    0x08003db8   0x08003db8   0x0000000a   Code   RO          713    .text.HAL_GPIO_EXTI_Callback  stm32f4xx_hal_gpio.o
    0x08003dc2   0x08003dc2   0x00000002   PAD
    0x08003dc4   0x08003dc4   0x00000038   Code   RO          711    .text.HAL_GPIO_EXTI_IRQHandler  stm32f4xx_hal_gpio.o
    0x08003dfc   0x08003dfc   0x000003b6   Code   RO          699    .text.HAL_GPIO_Init  stm32f4xx_hal_gpio.o
    0x080041b2   0x080041b2   0x00000002   PAD
    0x080041b4   0x080041b4   0x0000002e   Code   RO          703    .text.HAL_GPIO_ReadPin  stm32f4xx_hal_gpio.o
    0x080041e2   0x080041e2   0x00000002   PAD
    0x080041e4   0x080041e4   0x0000002e   Code   RO          705    .text.HAL_GPIO_WritePin  stm32f4xx_hal_gpio.o
    0x08004212   0x08004212   0x00000002   PAD
    0x08004214   0x08004214   0x0000000c   Code   RO          918    .text.HAL_GetTick   stm32f4xx_hal.o
    0x08004220   0x08004220   0x0000001a   Code   RO          916    .text.HAL_IncTick   stm32f4xx_hal.o
    0x0800423a   0x0800423a   0x00000002   PAD
    0x0800423c   0x0800423c   0x00000036   Code   RO          906    .text.HAL_Init      stm32f4xx_hal.o
    0x08004272   0x08004272   0x00000002   PAD
    0x08004274   0x08004274   0x000000f0   Code   RO          346    .text.HAL_InitTick  stm32f4xx_hal_timebase_tim.o
    0x08004364   0x08004364   0x00000058   Code   RO          338    .text.HAL_MspInit   stm32f4xx_hal_msp.o
    0x080043bc   0x080043bc   0x00000014   Code   RO          847    .text.HAL_NVIC_EnableIRQ  stm32f4xx_hal_cortex.o
    0x080043d0   0x080043d0   0x00000032   Code   RO          839    .text.HAL_NVIC_SetPriority  stm32f4xx_hal_cortex.o
    0x08004402   0x08004402   0x00000002   PAD
    0x08004404   0x08004404   0x00000010   Code   RO          835    .text.HAL_NVIC_SetPriorityGrouping  stm32f4xx_hal_cortex.o
    0x08004414   0x08004414   0x0000000c   Code   RO          447    .text.HAL_PCDEx_LPM_Callback  stm32f4xx_hal_pcd_ex.o
    0x08004420   0x08004420   0x00000018   Code   RO          445    .text.HAL_PCDEx_SetRxFiFo  stm32f4xx_hal_pcd_ex.o
    0x08004438   0x08004438   0x0000009c   Code   RO          443    .text.HAL_PCDEx_SetTxFiFo  stm32f4xx_hal_pcd_ex.o
    0x080044d4   0x080044d4   0x00000014   Code   RO          195    .text.HAL_PCD_ConnectCallback  usbd_conf.o
    0x080044e8   0x080044e8   0x00000026   Code   RO          181    .text.HAL_PCD_DataInStageCallback  usbd_conf.o
    0x0800450e   0x0800450e   0x00000002   PAD
    0x08004510   0x08004510   0x00000028   Code   RO          179    .text.HAL_PCD_DataOutStageCallback  usbd_conf.o
    0x08004538   0x08004538   0x00000014   Code   RO          197    .text.HAL_PCD_DisconnectCallback  usbd_conf.o
    0x0800454c   0x0800454c   0x0000005e   Code   RO          394    .text.HAL_PCD_EP_Abort  stm32f4xx_hal_pcd.o
    0x080045aa   0x080045aa   0x00000002   PAD
    0x080045ac   0x080045ac   0x000000a8   Code   RO          414    .text.HAL_PCD_EP_Close  stm32f4xx_hal_pcd.o
    0x08004654   0x08004654   0x000000c8   Code   RO          424    .text.HAL_PCD_EP_ClrStall  stm32f4xx_hal_pcd.o
    0x0800471c   0x0800471c   0x00000022   Code   RO          418    .text.HAL_PCD_EP_GetRxCount  stm32f4xx_hal_pcd.o
    0x0800473e   0x0800473e   0x00000002   PAD
    0x08004740   0x08004740   0x000000ea   Code   RO          412    .text.HAL_PCD_EP_Open  stm32f4xx_hal_pcd.o
    0x0800482a   0x0800482a   0x00000002   PAD
    0x0800482c   0x0800482c   0x00000086   Code   RO          416    .text.HAL_PCD_EP_Receive  stm32f4xx_hal_pcd.o
    0x080048b2   0x080048b2   0x00000002   PAD
    0x080048b4   0x080048b4   0x000000de   Code   RO          422    .text.HAL_PCD_EP_SetStall  stm32f4xx_hal_pcd.o
    0x08004992   0x08004992   0x00000002   PAD
    0x08004994   0x08004994   0x00000086   Code   RO          420    .text.HAL_PCD_EP_Transmit  stm32f4xx_hal_pcd.o
    0x08004a1a   0x08004a1a   0x00000002   PAD
    0x08004a1c   0x08004a1c   0x0000083c   Code   RO          372    .text.HAL_PCD_IRQHandler  stm32f4xx_hal_pcd.o
    0x08005258   0x08005258   0x0000001c   Code   RO          193    .text.HAL_PCD_ISOINIncompleteCallback  usbd_conf.o
    0x08005274   0x08005274   0x0000001c   Code   RO          191    .text.HAL_PCD_ISOOUTIncompleteCallback  usbd_conf.o
    0x08005290   0x08005290   0x000002b4   Code   RO          360    .text.HAL_PCD_Init  stm32f4xx_hal_pcd.o
    0x08005544   0x08005544   0x000000b0   Code   RO          173    .text.HAL_PCD_MspInit  usbd_conf.o
    0x080055f4   0x080055f4   0x00000052   Code   RO          185    .text.HAL_PCD_ResetCallback  usbd_conf.o
    0x08005646   0x08005646   0x00000002   PAD
    0x08005648   0x08005648   0x00000014   Code   RO          189    .text.HAL_PCD_ResumeCallback  usbd_conf.o
    0x0800565c   0x0800565c   0x00000014   Code   RO          183    .text.HAL_PCD_SOFCallback  usbd_conf.o
    0x08005670   0x08005670   0x0000005e   Code   RO          410    .text.HAL_PCD_SetAddress  stm32f4xx_hal_pcd.o
    0x080056ce   0x080056ce   0x00000002   PAD
    0x080056d0   0x080056d0   0x00000018   Code   RO          177    .text.HAL_PCD_SetupStageCallback  usbd_conf.o
    0x080056e8   0x080056e8   0x0000007a   Code   RO          368    .text.HAL_PCD_Start  stm32f4xx_hal_pcd.o
    0x08005762   0x08005762   0x00000002   PAD
    0x08005764   0x08005764   0x0000003e   Code   RO          187    .text.HAL_PCD_SuspendCallback  usbd_conf.o
    0x080057a2   0x080057a2   0x00000002   PAD
    0x080057a4   0x080057a4   0x00000262   Code   RO          567    .text.HAL_RCC_ClockConfig  stm32f4xx_hal_rcc.o
    0x08005a06   0x08005a06   0x00000002   PAD
    0x08005a08   0x08005a08   0x00000054   Code   RO          585    .text.HAL_RCC_GetClockConfig  stm32f4xx_hal_rcc.o
    0x08005a5c   0x08005a5c   0x0000000c   Code   RO          577    .text.HAL_RCC_GetHCLKFreq  stm32f4xx_hal_rcc.o
    0x08005a68   0x08005a68   0x00000022   Code   RO          579    .text.HAL_RCC_GetPCLK1Freq  stm32f4xx_hal_rcc.o
    0x08005a8a   0x08005a8a   0x00000002   PAD
    0x08005a8c   0x08005a8c   0x00000022   Code   RO          581    .text.HAL_RCC_GetPCLK2Freq  stm32f4xx_hal_rcc.o
    0x08005aae   0x08005aae   0x00000002   PAD
    0x08005ab0   0x08005ab0   0x000000e6   Code   RO          569    .text.HAL_RCC_GetSysClockFreq  stm32f4xx_hal_rcc.o
    0x08005b96   0x08005b96   0x00000002   PAD
    0x08005b98   0x08005b98   0x000006be   Code   RO          565    .text.HAL_RCC_OscConfig  stm32f4xx_hal_rcc.o
    0x08006256   0x08006256   0x00000002   PAD
    0x08006258   0x08006258   0x00000100   Code   RO         1074    .text.HAL_SPI_Init  stm32f4xx_hal_spi.o
    0x08006358   0x08006358   0x00000194   Code   RO          109    .text.HAL_SPI_MspInit  spi.o
    0x080064ec   0x080064ec   0x00000366   Code   RO         1088    .text.HAL_SPI_TransmitReceive  stm32f4xx_hal_spi.o
    0x08006852   0x08006852   0x00000002   PAD
    0x08006854   0x08006854   0x00000008   Code   RO         1514    .text.HAL_TIMEx_BreakCallback  stm32f4xx_hal_tim_ex.o
    0x0800685c   0x0800685c   0x00000008   Code   RO         1510    .text.HAL_TIMEx_CommutCallback  stm32f4xx_hal_tim_ex.o
    0x08006864   0x08006864   0x000000b2   Code   RO         1506    .text.HAL_TIMEx_ConfigBreakDeadTime  stm32f4xx_hal_tim_ex.o
    0x08006916   0x08006916   0x00000002   PAD
    0x08006918   0x08006918   0x00000122   Code   RO         1504    .text.HAL_TIMEx_MasterConfigSynchronization  stm32f4xx_hal_tim_ex.o
    0x08006a3a   0x08006a3a   0x00000002   PAD
    0x08006a3c   0x08006a3c   0x0000009c   Code   RO         1191    .text.HAL_TIM_Base_Init  stm32f4xx_hal_tim.o
    0x08006ad8   0x08006ad8   0x000000ac   Code   RO          131    .text.HAL_TIM_Base_MspInit  tim.o
    0x08006b84   0x08006b84   0x000000f6   Code   RO         1205    .text.HAL_TIM_Base_Start_IT  stm32f4xx_hal_tim.o
    0x08006c7a   0x08006c7a   0x00000002   PAD
    0x08006c7c   0x08006c7c   0x00000184   Code   RO         1383    .text.HAL_TIM_ConfigClockSource  stm32f4xx_hal_tim.o
    0x08006e00   0x08006e00   0x00000008   Code   RO         1327    .text.HAL_TIM_IC_CaptureCallback  stm32f4xx_hal_tim.o
    0x08006e08   0x08006e08   0x0000027a   Code   RO         1325    .text.HAL_TIM_IRQHandler  stm32f4xx_hal_tim.o
    0x08007082   0x08007082   0x00000002   PAD
    0x08007084   0x08007084   0x0000006c   Code   RO          125    .text.HAL_TIM_MspPostInit  tim.o
    0x080070f0   0x080070f0   0x00000008   Code   RO         1329    .text.HAL_TIM_OC_DelayElapsedCallback  stm32f4xx_hal_tim.o
    0x080070f8   0x080070f8   0x00000142   Code   RO         1357    .text.HAL_TIM_PWM_ConfigChannel  stm32f4xx_hal_tim.o
    0x0800723a   0x0800723a   0x00000002   PAD
    0x0800723c   0x0800723c   0x0000009c   Code   RO         1245    .text.HAL_TIM_PWM_Init  stm32f4xx_hal_tim.o
    0x080072d8   0x080072d8   0x00000008   Code   RO         1247    .text.HAL_TIM_PWM_MspInit  stm32f4xx_hal_tim.o
    0x080072e0   0x080072e0   0x00000008   Code   RO         1331    .text.HAL_TIM_PWM_PulseFinishedCallback  stm32f4xx_hal_tim.o
    0x080072e8   0x080072e8   0x000001ca   Code   RO         1253    .text.HAL_TIM_PWM_Start  stm32f4xx_hal_tim.o
    0x080074b2   0x080074b2   0x00000002   PAD
    0x080074b4   0x080074b4   0x00000106   Code   RO         1255    .text.HAL_TIM_PWM_Stop  stm32f4xx_hal_tim.o
    0x080075ba   0x080075ba   0x00000002   PAD
    0x080075bc   0x080075bc   0x00000022   Code   RO           17    .text.HAL_TIM_PeriodElapsedCallback  main.o
    0x080075de   0x080075de   0x00000002   PAD
    0x080075e0   0x080075e0   0x00000008   Code   RO         1335    .text.HAL_TIM_TriggerCallback  stm32f4xx_hal_tim.o
    0x080075e8   0x080075e8   0x0000000c   Code   RO         1617    .text.HAL_UARTEx_RxEventCallback  stm32f4xx_hal_uart.o
    0x080075f4   0x080075f4   0x00000008   Code   RO         1615    .text.HAL_UART_ErrorCallback  stm32f4xx_hal_uart.o
    0x080075fc   0x080075fc   0x0000041e   Code   RO         1609    .text.HAL_UART_IRQHandler  stm32f4xx_hal_uart.o
    0x08007a1a   0x08007a1a   0x00000002   PAD
    0x08007a1c   0x08007a1c   0x0000009a   Code   RO         1527    .text.HAL_UART_Init  stm32f4xx_hal_uart.o
    0x08007ab6   0x08007ab6   0x00000002   PAD
    0x08007ab8   0x08007ab8   0x00000242   Code   RO          149    .text.HAL_UART_MspInit  usart.o
    0x08007cfa   0x08007cfa   0x00000002   PAD
    0x08007cfc   0x08007cfc   0x00000008   Code   RO         1627    .text.HAL_UART_RxCpltCallback  stm32f4xx_hal_uart.o
    0x08007d04   0x08007d04   0x00000008   Code   RO         1623    .text.HAL_UART_TxCpltCallback  stm32f4xx_hal_uart.o
    0x08007d0c   0x08007d0c   0x00000004   Code   RO          299    .text.HardFault_Handler  stm32f4xx_it.o
    0x08007d10   0x08007d10   0x0000000a   Code   RO         2271    .text.INS_GetINSPtr  app_ins.o
    0x08007d1a   0x08007d1a   0x00000002   PAD
    0x08007d1c   0x08007d1c   0x00000070   Code   RO         2281    .text.INS_Init      app_ins.o
    0x08007d8c   0x08007d8c   0x0000003e   Code   RO         2258    .text.Init_InitAll  app_init.o
    0x08007dca   0x08007dca   0x00000002   PAD
    0x08007dcc   0x08007dcc   0x00000026   Code   RO         2260    .text.Init_Task     app_init.o
    0x08007df2   0x08007df2   0x00000002   PAD
    0x08007df4   0x08007df4   0x0000006a   Code   RO         2279    .text.Ins_InstallCompAngle  app_ins.o
    0x08007e5e   0x08007e5e   0x00000002   PAD
    0x08007e60   0x08007e60   0x000001f8   Code   RO         2269    .text.Ins_Task      app_ins.o
    0x08008058   0x08008058   0x0000007a   Code   RO          260    .text.IntToUnicode  usbd_desc.o
    0x080080d2   0x080080d2   0x00000002   PAD
    0x080080d4   0x080080d4   0x00000176   Code   RO         2769    .text.Kalman_Adjustment_H_K_R  alg_kalman.o
    0x0800824a   0x0800824a   0x00000002   PAD
    0x0800824c   0x0800824c   0x000004fe   Code   RO         2765    .text.Kalman_FilterInit  alg_kalman.o
    0x0800874a   0x0800874a   0x00000002   PAD
    0x0800874c   0x0800874c   0x00000048   Code   RO         2767    .text.Kalman_FilterMeasure  alg_kalman.o
    0x08008794   0x08008794   0x00000080   Code   RO         2779    .text.Kalman_FilterPUpdate  alg_kalman.o
    0x08008814   0x08008814   0x0000007e   Code   RO         2773    .text.Kalman_FilterPminusUpdate  alg_kalman.o
    0x08008892   0x08008892   0x00000002   PAD
    0x08008894   0x08008894   0x000000fa   Code   RO         2775    .text.Kalman_FilterSetK  alg_kalman.o
    0x0800898e   0x0800898e   0x00000002   PAD
    0x08008990   0x08008990   0x00000176   Code   RO         2781    .text.Kalman_FilterUpdate  alg_kalman.o
    0x08008b06   0x08008b06   0x00000002   PAD
    0x08008b08   0x08008b08   0x000000a2   Code   RO         2771    .text.Kalman_FilterxhatMinusUpdate  alg_kalman.o
    0x08008baa   0x08008baa   0x00000002   PAD
    0x08008bac   0x08008bac   0x000000ac   Code   RO         2777    .text.Kalman_FilterxhatUpdate  alg_kalman.o
    0x08008c58   0x08008c58   0x0000004e   Code   RO           81    .text.MX_CAN1_Init  can.o
    0x08008ca6   0x08008ca6   0x00000002   PAD
    0x08008ca8   0x08008ca8   0x0000004e   Code   RO           83    .text.MX_CAN2_Init  can.o
    0x08008cf6   0x08008cf6   0x00000002   PAD
    0x08008cf8   0x08008cf8   0x00000098   Code   RO           99    .text.MX_DMA_Init   dma.o
    0x08008d90   0x08008d90   0x000001a2   Code   RO           39    .text.MX_FREERTOS_Init  freertos.o
    0x08008f32   0x08008f32   0x00000002   PAD
    0x08008f34   0x08008f34   0x0000032c   Code   RO           27    .text.MX_GPIO_Init  gpio.o
    0x08009260   0x08009260   0x00000052   Code   RO          107    .text.MX_SPI1_Init  spi.o
    0x080092b2   0x080092b2   0x00000002   PAD
    0x080092b4   0x080092b4   0x00000060   Code   RO          129    .text.MX_TIM12_Init  tim.o
    0x08009314   0x08009314   0x0000011a   Code   RO          123    .text.MX_TIM1_Init  tim.o
    0x0800942e   0x0800942e   0x00000002   PAD
    0x08009430   0x08009430   0x00000086   Code   RO          127    .text.MX_TIM8_Init  tim.o
    0x080094b6   0x080094b6   0x00000002   PAD
    0x080094b8   0x080094b8   0x00000044   Code   RO          145    .text.MX_USART1_UART_Init  usart.o
    0x080094fc   0x080094fc   0x00000048   Code   RO          147    .text.MX_USART3_UART_Init  usart.o
    0x08009544   0x08009544   0x00000076   Code   RO          164    .text.MX_USB_DEVICE_Init  usb_device.o
    0x080095ba   0x080095ba   0x00000002   PAD
    0x080095bc   0x080095bc   0x0000008e   Code   RO         2802    .text.Math_Differential  alg_math.o
    0x0800964a   0x0800964a   0x00000002   PAD
    0x0800964c   0x0800964c   0x0000005a   Code   RO         2800    .text.Math_InvSqrt  alg_math.o
    0x080096a6   0x080096a6   0x00000002   PAD
    0x080096a8   0x080096a8   0x00000004   Code   RO          301    .text.MemManage_Handler  stm32f4xx_it.o
    0x080096ac   0x080096ac   0x000000b6   Code   RO         2431    .text.Motor_EncoderDecodeCallback  periph_motor.o
    0x08009762   0x08009762   0x00000002   PAD
    0x08009764   0x08009764   0x00000062   Code   RO         2443    .text.Motor_GetMotorOutput  periph_motor.o
    0x080097c6   0x080097c6   0x00000002   PAD
    0x080097c8   0x080097c8   0x000000d8   Code   RO         2433    .text.Motor_InitAllMotors  periph_motor.o
    0x080098a0   0x080098a0   0x00000064   Code   RO         2437    .text.Motor_InitMotor  periph_motor.o
    0x08009904   0x08009904   0x00000066   Code   RO         2435    .text.Motor_InitMotorGroup  periph_motor.o
    0x0800996a   0x0800996a   0x00000002   PAD
    0x0800996c   0x0800996c   0x0000006a   Code   RO         2449    .text.Motor_IsAnyMotorOffline  periph_motor.o
    0x080099d6   0x080099d6   0x00000002   PAD
    0x080099d8   0x080099d8   0x0000006a   Code   RO         2451    .text.Motor_IsMotorOffline  periph_motor.o
    0x08009a42   0x08009a42   0x00000002   PAD
    0x08009a44   0x08009a44   0x00000088   Code   RO         2445    .text.Motor_SendMotorGroupOutput  periph_motor.o
    0x08009acc   0x08009acc   0x00000032   Code   RO         2447    .text.Motor_SendMotorGroupsOutput  periph_motor.o
    0x08009afe   0x08009afe   0x00000002   PAD
    0x08009b00   0x08009b00   0x00000012   Code   RO         2441    .text.Motor_SetMotorOutput  periph_motor.o
    0x08009b12   0x08009b12   0x00000002   PAD
    0x08009b14   0x08009b14   0x00000004   Code   RO          297    .text.NMI_Handler   stm32f4xx_it.o
    0x08009b18   0x08009b18   0x0000006c   Code   RO          845    .text.NVIC_EncodePriority  stm32f4xx_hal_cortex.o
    0x08009b84   0x08009b84   0x00000010   Code   RO          327    .text.OTG_FS_IRQHandler  stm32f4xx_it.o
    0x08009b94   0x08009b94   0x0000008a   Code   RO          376    .text.PCD_EP_OutSetupPacket_int  stm32f4xx_hal_pcd.o
    0x08009c1e   0x08009c1e   0x00000002   PAD
    0x08009c20   0x08009c20   0x000001c8   Code   RO          374    .text.PCD_EP_OutXfrComplete_int  stm32f4xx_hal_pcd.o
    0x08009de8   0x08009de8   0x00000132   Code   RO          384    .text.PCD_WriteEmptyTxFifo  stm32f4xx_hal_pcd.o
    0x08009f1a   0x08009f1a   0x00000002   PAD
    0x08009f1c   0x08009f1c   0x00000432   Code   RO         2833    .text.PID_CalcPID   alg_pid.o
    0x0800a34e   0x0800a34e   0x00000002   PAD
    0x0800a350   0x0800a350   0x0000000e   Code   RO         2829    .text.PID_GetPIDOutput  alg_pid.o
    0x0800a35e   0x0800a35e   0x00000002   PAD
    0x0800a360   0x0800a360   0x000000aa   Code   RO         2817    .text.PID_InitPIDParam  alg_pid.o
    0x0800a40a   0x0800a40a   0x00000002   PAD
    0x0800a40c   0x0800a40c   0x00000012   Code   RO         2827    .text.PID_SetPIDFdb  alg_pid.o
    0x0800a41e   0x0800a41e   0x00000002   PAD
    0x0800a420   0x0800a420   0x00000012   Code   RO         2821    .text.PID_SetPIDRef  alg_pid.o
    0x0800a432   0x0800a432   0x00000002   PAD
    0x0800a434   0x0800a434   0x00000084   Code   RO         2585    .text.PWM_InitPWM   util_pwm.o
    0x0800a4b8   0x0800a4b8   0x000000ba   Code   RO         2593    .text.PWM_SetPWMDuty  util_pwm.o
    0x0800a572   0x0800a572   0x00000002   PAD
    0x0800a574   0x0800a574   0x0000008c   Code   RO         2587    .text.PWM_SetPWMFreq  util_pwm.o
    0x0800a600   0x0800a600   0x00000028   Code   RO         2589    .text.PWM_StartPWM  util_pwm.o
    0x0800a628   0x0800a628   0x0000002a   Code   RO         2591    .text.PWM_StopPWM   util_pwm.o
    0x0800a652   0x0800a652   0x00000002   PAD
    0x0800a654   0x0800a654   0x000004ce   Code   RO         2273    .text.Param_Correction  app_ins.o
    0x0800ab22   0x0800ab22   0x0000000e   PAD
    0x0800ab30   0x0800ab30   0x00000064   Code   RO         2234    .text.PendSV_Handler  port.o
    0x0800ab94   0x0800ab94   0x00000014   Code   RO         2935    .text.Protocol_CDC_ReceiveCallback  protocol_common.o
    0x0800aba8   0x0800aba8   0x00000108   Code   RO         2937    .text.Protocol_CDC_SendProtocolData  protocol_common.o
    0x0800acb0   0x0800acb0   0x0000007c   Code   RO         2929    .text.Protocol_DecodeData  protocol_common.o
    0x0800ad2c   0x0800ad2c   0x0000000a   Code   RO         2919    .text.Protocol_GetBusDataPtr  protocol_common.o
    0x0800ad36   0x0800ad36   0x00000002   PAD
    0x0800ad38   0x0800ad38   0x00000030   Code   RO         2917    .text.Protocol_InitProtocol  protocol_common.o
    0x0800ad68   0x0800ad68   0x00000046   Code   RO         2923    .text.Protocol_IsProtocolOffline  protocol_common.o
    0x0800adae   0x0800adae   0x00000002   PAD
    0x0800adb0   0x0800adb0   0x000000d4   Code   RO         2931    .text.Protocol_MergeAndverify  protocol_common.o
    0x0800ae84   0x0800ae84   0x0000002a   Code   RO         2921    .text.Protocol_ResetProtocolData  protocol_common.o
    0x0800aeae   0x0800aeae   0x00000002   PAD
    0x0800aeb0   0x0800aeb0   0x00000050   Code   RO         2933    .text.Protocol_UartDataCallback  protocol_common.o
    0x0800af00   0x0800af00   0x0000026c   Code   RO         2846    .text.QuaternionEKF_F_Linearization_P_Fading  alg_quaternionekf.o
    0x0800b16c   0x0800b16c   0x00000136   Code   RO         2842    .text.QuaternionEKF_Init  alg_quaternionekf.o
    0x0800b2a2   0x0800b2a2   0x00000002   PAD
    0x0800b2a4   0x0800b2a4   0x00000048   Code   RO         2844    .text.QuaternionEKF_Observe  alg_quaternionekf.o
    0x0800b2ec   0x0800b2ec   0x00000162   Code   RO         2848    .text.QuaternionEKF_SetH  alg_quaternionekf.o
    0x0800b44e   0x0800b44e   0x00000002   PAD
    0x0800b450   0x0800b450   0x0000063c   Code   RO         2852    .text.QuaternionEKF_Update  alg_quaternionekf.o
    0x0800ba8c   0x0800ba8c   0x00000674   Code   RO         2850    .text.QuaternionEKF_xhatUpdate  alg_quaternionekf.o
    0x0800c100   0x0800c100   0x00000014   Code   RO         2482    .text.Remote_CancelChannelOffset  periph_remote.o
    0x0800c114   0x0800c114   0x000000a4   Code   RO         2326    .text.Remote_ControlCom  app_remote.o
    0x0800c1b8   0x0800c1b8   0x000001bc   Code   RO         2478    .text.Remote_DecodeKeyboardData  periph_remote.o
    0x0800c374   0x0800c374   0x0000013e   Code   RO         2480    .text.Remote_DecodeRemoteData  periph_remote.o
    0x0800c4b2   0x0800c4b2   0x00000002   PAD
    0x0800c4b4   0x0800c4b4   0x0000003c   Code   RO         2332    .text.Remote_Gesture  app_remote.o
    0x0800c4f0   0x0800c4f0   0x00000004   Code   RO         2340    .text.Remote_GestureFunction_1  app_remote.o
    0x0800c4f4   0x0800c4f4   0x00000002   Code   RO         2342    .text.Remote_GestureFunction_2  app_remote.o
    0x0800c4f6   0x0800c4f6   0x00000002   PAD
    0x0800c4f8   0x0800c4f8   0x00000002   Code   RO         2344    .text.Remote_GestureFunction_3  app_remote.o
    0x0800c4fa   0x0800c4fa   0x00000002   PAD
    0x0800c4fc   0x0800c4fc   0x00000002   Code   RO         2346    .text.Remote_GestureFunction_4  app_remote.o
    0x0800c4fe   0x0800c4fe   0x00000002   PAD
    0x0800c500   0x0800c500   0x00000222   Code   RO         2338    .text.Remote_Gesturejudge  app_remote.o
    0x0800c722   0x0800c722   0x00000002   PAD
    0x0800c724   0x0800c724   0x0000000a   Code   RO         2330    .text.Remote_GetControlDataPtr  app_remote.o
    0x0800c72e   0x0800c72e   0x00000002   PAD
    0x0800c730   0x0800c730   0x0000000a   Code   RO         2468    .text.Remote_GetRemoteDataPtr  periph_remote.o
    0x0800c73a   0x0800c73a   0x00000002   PAD
    0x0800c73c   0x0800c73c   0x0000003a   Code   RO         2466    .text.Remote_InitRemote  periph_remote.o
    0x0800c776   0x0800c776   0x00000002   PAD
    0x0800c778   0x0800c778   0x00000092   Code   RO         2476    .text.Remote_IsRemoteError  periph_remote.o
    0x0800c80a   0x0800c80a   0x00000002   PAD
    0x0800c80c   0x0800c80c   0x00000044   Code   RO         2474    .text.Remote_IsRemoteOffline  periph_remote.o
    0x0800c850   0x0800c850   0x00000050   Code   RO         2484    .text.Remote_RXCallback  periph_remote.o
    0x0800c8a0   0x0800c8a0   0x00000094   Code   RO         2334    .text.Remote_RemoteProcess  app_remote.o
    0x0800c934   0x0800c934   0x00000074   Code   RO         2470    .text.Remote_ResetRemoteData  periph_remote.o
    0x0800c9a8   0x0800c9a8   0x00000014   Code   RO         2324    .text.Remote_Task   app_remote.o
    0x0800c9bc   0x0800c9bc   0x0000000e   Code   RO         2472    .text.Remote_ToSwitchState  periph_remote.o
    0x0800c9ca   0x0800c9ca   0x00000002   PAD
    0x0800c9cc   0x0800c9cc   0x000000a4   Code   RO         1084    .text.SPI_EndRxTxTransaction  stm32f4xx_hal_spi.o
    0x0800ca70   0x0800ca70   0x0000012a   Code   RO         1182    .text.SPI_WaitFlagStateUntilTimeout  stm32f4xx_hal_spi.o
    0x0800cb9a   0x0800cb9a   0x00000006   PAD
    0x0800cba0   0x0800cba0   0x00000024   Code   RO         2218    .text.SVC_Handler   port.o
    0x0800cbc4   0x0800cbc4   0x00000036   Code   RO         3050    .text.SWAPBYTE      usbd_ctlreq.o
    0x0800cbfa   0x0800cbfa   0x00000002   PAD
    0x0800cbfc   0x0800cbfc   0x0000001a   Code   RO         2494    .text.Servo_InitAllServos  periph_servo.o
    0x0800cc16   0x0800cc16   0x00000002   PAD
    0x0800cc18   0x0800cc18   0x00000044   Code   RO         2496    .text.Servo_InitServo  periph_servo.o
    0x0800cc5c   0x0800cc5c   0x0000003e   Code   RO         2500    .text.Servo_SetServoAngle  periph_servo.o
    0x0800cc9a   0x0800cc9a   0x00000002   PAD
    0x0800cc9c   0x0800cc9c   0x00000018   Code   RO         2498    .text.Servo_StartServo  periph_servo.o
    0x0800ccb4   0x0800ccb4   0x00000008   Code   RO         2712    .text.SoftTimerCallback  sys_softtimer.o
    0x0800ccbc   0x0800ccbc   0x00000014   Code   RO         2710    .text.SoftTimer_StartAll  sys_softtimer.o
    0x0800ccd0   0x0800ccd0   0x0000000a   Code   RO         2604    .text.Spi_ErrorHandler  util_spi.o
    0x0800ccda   0x0800ccda   0x00000002   PAD
    0x0800ccdc   0x0800ccdc   0x00000038   Code   RO         2616    .text.Spi_ReadMuliReg  util_spi.o
    0x0800cd14   0x0800cd14   0x00000038   Code   RO         2614    .text.Spi_SwapAbyteData  util_spi.o
    0x0800cd4c   0x0800cd4c   0x0000003c   Code   RO         2236    .text.SysTick_Handler  port.o
    0x0800cd88   0x0800cd88   0x000000bc   Code   RO           13    .text.SystemClock_Config  main.o
    0x0800ce44   0x0800ce44   0x00000012   Code   RO         1656    .text.SystemInit    system_stm32f4xx.o
    0x0800ce56   0x0800ce56   0x00000002   PAD
    0x0800ce58   0x0800ce58   0x00000010   Code   RO          323    .text.TIM6_DAC_IRQHandler  stm32f4xx_it.o
    0x0800ce68   0x0800ce68   0x0000019a   Code   RO         1195    .text.TIM_Base_SetConfig  stm32f4xx_hal_tim.o
    0x0800d002   0x0800d002   0x00000002   PAD
    0x0800d004   0x0800d004   0x00000036   Code   RO         1229    .text.TIM_CCxChannelCmd  stm32f4xx_hal_tim.o
    0x0800d03a   0x0800d03a   0x00000002   PAD
    0x0800d03c   0x0800d03c   0x00000034   Code   RO         1381    .text.TIM_ETR_SetConfig  stm32f4xx_hal_tim.o
    0x0800d070   0x0800d070   0x0000002a   Code   RO         1387    .text.TIM_ITRx_SetConfig  stm32f4xx_hal_tim.o
    0x0800d09a   0x0800d09a   0x00000002   PAD
    0x0800d09c   0x0800d09c   0x000000ea   Code   RO         1339    .text.TIM_OC1_SetConfig  stm32f4xx_hal_tim.o
    0x0800d186   0x0800d186   0x00000002   PAD
    0x0800d188   0x0800d188   0x000000f4   Code   RO         1341    .text.TIM_OC2_SetConfig  stm32f4xx_hal_tim.o
    0x0800d27c   0x0800d27c   0x000000f2   Code   RO         1343    .text.TIM_OC3_SetConfig  stm32f4xx_hal_tim.o
    0x0800d36e   0x0800d36e   0x00000002   PAD
    0x0800d370   0x0800d370   0x000000a4   Code   RO         1345    .text.TIM_OC4_SetConfig  stm32f4xx_hal_tim.o
    0x0800d414   0x0800d414   0x00000050   Code   RO         1385    .text.TIM_TI1_ConfigInputStage  stm32f4xx_hal_tim.o
    0x0800d464   0x0800d464   0x00000052   Code   RO         1389    .text.TIM_TI2_ConfigInputStage  stm32f4xx_hal_tim.o
    0x0800d4b6   0x0800d4b6   0x00000002   PAD
    0x0800d4b8   0x0800d4b8   0x00000020   Code   RO         1613    .text.UART_DMAAbortOnError  stm32f4xx_hal_uart.o
    0x0800d4d8   0x0800d4d8   0x00000094   Code   RO         1575    .text.UART_EndRxTransfer  stm32f4xx_hal_uart.o
    0x0800d56c   0x0800d56c   0x00000026   Code   RO         1621    .text.UART_EndTransmit_IT  stm32f4xx_hal_uart.o
    0x0800d592   0x0800d592   0x00000002   PAD
    0x0800d594   0x0800d594   0x00000164   Code   RO         1611    .text.UART_Receive_IT  stm32f4xx_hal_uart.o
    0x0800d6f8   0x0800d6f8   0x0000013a   Code   RO         1531    .text.UART_SetConfig  stm32f4xx_hal_uart.o
    0x0800d832   0x0800d832   0x00000002   PAD
    0x0800d834   0x0800d834   0x00000094   Code   RO         1619    .text.UART_Transmit_IT  stm32f4xx_hal_uart.o
    0x0800d8c8   0x0800d8c8   0x0000001c   Code   RO          319    .text.USART1_IRQHandler  stm32f4xx_it.o
    0x0800d8e4   0x0800d8e4   0x0000001c   Code   RO          321    .text.USART3_IRQHandler  stm32f4xx_it.o
    0x0800d900   0x0800d900   0x000000f4   Code   RO         3093    .text.USBD_CDC_DataIn  usbd_cdc.o
    0x0800d9f4   0x0800d9f4   0x00000070   Code   RO         3095    .text.USBD_CDC_DataOut  usbd_cdc.o
    0x0800da64   0x0800da64   0x000000ec   Code   RO         3087    .text.USBD_CDC_DeInit  usbd_cdc.o
    0x0800db50   0x0800db50   0x00000078   Code   RO         3091    .text.USBD_CDC_EP0_RxReady  usbd_cdc.o
    0x0800dbc8   0x0800dbc8   0x00000016   Code   RO         3103    .text.USBD_CDC_GetDeviceQualifierDescriptor  usbd_cdc.o
    0x0800dbde   0x0800dbde   0x00000002   PAD
    0x0800dbe0   0x0800dbe0   0x0000006c   Code   RO         3099    .text.USBD_CDC_GetFSCfgDesc  usbd_cdc.o
    0x0800dc4c   0x0800dc4c   0x00000070   Code   RO         3097    .text.USBD_CDC_GetHSCfgDesc  usbd_cdc.o
    0x0800dcbc   0x0800dcbc   0x0000006c   Code   RO         3101    .text.USBD_CDC_GetOtherSpeedCfgDesc  usbd_cdc.o
    0x0800dd28   0x0800dd28   0x0000021c   Code   RO         3085    .text.USBD_CDC_Init  usbd_cdc.o
    0x0800df44   0x0800df44   0x0000007e   Code   RO         3113    .text.USBD_CDC_ReceivePacket  usbd_cdc.o
    0x0800dfc2   0x0800dfc2   0x00000002   PAD
    0x0800dfc4   0x0800dfc4   0x00000034   Code   RO         3105    .text.USBD_CDC_RegisterInterface  usbd_cdc.o
    0x0800dff8   0x0800dff8   0x0000003c   Code   RO         3109    .text.USBD_CDC_SetRxBuffer  usbd_cdc.o
    0x0800e034   0x0800e034   0x00000046   Code   RO         3107    .text.USBD_CDC_SetTxBuffer  usbd_cdc.o
    0x0800e07a   0x0800e07a   0x00000002   PAD
    0x0800e07c   0x0800e07c   0x000001cc   Code   RO         3089    .text.USBD_CDC_Setup  usbd_cdc.o
    0x0800e248   0x0800e248   0x00000094   Code   RO         3111    .text.USBD_CDC_TransmitPacket  usbd_cdc.o
    0x0800e2dc   0x0800e2dc   0x00000032   Code   RO         2985    .text.USBD_ClrClassConfig  usbd_core.o
    0x0800e30e   0x0800e30e   0x00000002   PAD
    0x0800e310   0x0800e310   0x00000040   Code   RO         3040    .text.USBD_ClrFeature  usbd_ctlreq.o
    0x0800e350   0x0800e350   0x0000000e   Code   RO         2993    .text.USBD_CoreFindEP  usbd_core.o
    0x0800e35e   0x0800e35e   0x00000002   PAD
    0x0800e360   0x0800e360   0x0000000e   Code   RO         2991    .text.USBD_CoreFindIF  usbd_core.o
    0x0800e36e   0x0800e36e   0x00000002   PAD
    0x0800e370   0x0800e370   0x0000001e   Code   RO         3070    .text.USBD_CtlContinueRx  usbd_ioreq.o
    0x0800e38e   0x0800e38e   0x00000002   PAD
    0x0800e390   0x0800e390   0x0000001e   Code   RO         3066    .text.USBD_CtlContinueSendData  usbd_ioreq.o
    0x0800e3ae   0x0800e3ae   0x00000002   PAD
    0x0800e3b0   0x0800e3b0   0x0000001c   Code   RO         3042    .text.USBD_CtlError  usbd_ctlreq.o
    0x0800e3cc   0x0800e3cc   0x00000036   Code   RO         3068    .text.USBD_CtlPrepareRx  usbd_ioreq.o
    0x0800e402   0x0800e402   0x00000002   PAD
    0x0800e404   0x0800e404   0x00000022   Code   RO         3074    .text.USBD_CtlReceiveStatus  usbd_ioreq.o
    0x0800e426   0x0800e426   0x00000002   PAD
    0x0800e428   0x0800e428   0x00000032   Code   RO         3064    .text.USBD_CtlSendData  usbd_ioreq.o
    0x0800e45a   0x0800e45a   0x00000002   PAD
    0x0800e45c   0x0800e45c   0x00000022   Code   RO         3072    .text.USBD_CtlSendStatus  usbd_ioreq.o
    0x0800e47e   0x0800e47e   0x00000002   PAD
    0x0800e480   0x0800e480   0x0000004e   Code   RO          254    .text.USBD_FS_ConfigStrDescriptor  usbd_desc.o
    0x0800e4ce   0x0800e4ce   0x00000002   PAD
    0x0800e4d0   0x0800e4d0   0x0000001a   Code   RO          244    .text.USBD_FS_DeviceDescriptor  usbd_desc.o
    0x0800e4ea   0x0800e4ea   0x00000002   PAD
    0x0800e4ec   0x0800e4ec   0x0000004e   Code   RO          256    .text.USBD_FS_InterfaceStrDescriptor  usbd_desc.o
    0x0800e53a   0x0800e53a   0x00000002   PAD
    0x0800e53c   0x0800e53c   0x0000001a   Code   RO          246    .text.USBD_FS_LangIDStrDescriptor  usbd_desc.o
    0x0800e556   0x0800e556   0x00000002   PAD
    0x0800e558   0x0800e558   0x00000028   Code   RO          248    .text.USBD_FS_ManufacturerStrDescriptor  usbd_desc.o
    0x0800e580   0x0800e580   0x0000004e   Code   RO          250    .text.USBD_FS_ProductStrDescriptor  usbd_desc.o
    0x0800e5ce   0x0800e5ce   0x00000002   PAD
    0x0800e5d0   0x0800e5d0   0x00000020   Code   RO          252    .text.USBD_FS_SerialStrDescriptor  usbd_desc.o
    0x0800e5f0   0x0800e5f0   0x00000064   Code   RO         3034    .text.USBD_GetConfig  usbd_ctlreq.o
    0x0800e654   0x0800e654   0x000002d8   Code   RO         3028    .text.USBD_GetDescriptor  usbd_ctlreq.o
    0x0800e92c   0x0800e92c   0x00000076   Code   RO         3015    .text.USBD_GetEpDesc  usbd_core.o
    0x0800e9a2   0x0800e9a2   0x00000002   PAD
    0x0800e9a4   0x0800e9a4   0x00000032   Code   RO         3054    .text.USBD_GetLen   usbd_ctlreq.o
    0x0800e9d6   0x0800e9d6   0x00000002   PAD
    0x0800e9d8   0x0800e9d8   0x00000026   Code   RO         3017    .text.USBD_GetNextDesc  usbd_core.o
    0x0800e9fe   0x0800e9fe   0x00000002   PAD
    0x0800ea00   0x0800ea00   0x00000062   Code   RO         3036    .text.USBD_GetStatus  usbd_ctlreq.o
    0x0800ea62   0x0800ea62   0x00000002   PAD
    0x0800ea64   0x0800ea64   0x00000098   Code   RO         3052    .text.USBD_GetString  usbd_ctlreq.o
    0x0800eafc   0x0800eafc   0x00000052   Code   RO          203    .text.USBD_Get_USB_Status  usbd_conf.o
    0x0800eb4e   0x0800eb4e   0x00000002   PAD
    0x0800eb50   0x0800eb50   0x0000006a   Code   RO         2971    .text.USBD_Init     usbd_core.o
    0x0800ebba   0x0800ebba   0x00000002   PAD
    0x0800ebbc   0x0800ebbc   0x0000003a   Code   RO          217    .text.USBD_LL_ClearStallEP  usbd_conf.o
    0x0800ebf6   0x0800ebf6   0x00000002   PAD
    0x0800ebf8   0x0800ebf8   0x0000003a   Code   RO          211    .text.USBD_LL_CloseEP  usbd_conf.o
    0x0800ec32   0x0800ec32   0x00000002   PAD
    0x0800ec34   0x0800ec34   0x00000192   Code   RO         2995    .text.USBD_LL_DataInStage  usbd_core.o
    0x0800edc6   0x0800edc6   0x00000002   PAD
    0x0800edc8   0x0800edc8   0x000001b4   Code   RO         2989    .text.USBD_LL_DataOutStage  usbd_core.o
    0x0800ef7c   0x0800ef7c   0x0000000a   Code   RO         3011    .text.USBD_LL_DevConnected  usbd_core.o
    0x0800ef86   0x0800ef86   0x00000002   PAD
    0x0800ef88   0x0800ef88   0x00000040   Code   RO         3013    .text.USBD_LL_DevDisconnected  usbd_core.o
    0x0800efc8   0x0800efc8   0x0000001c   Code   RO          227    .text.USBD_LL_GetRxDataSize  usbd_conf.o
    0x0800efe4   0x0800efe4   0x0000007e   Code   RO          199    .text.USBD_LL_Init  usbd_conf.o
    0x0800f062   0x0800f062   0x00000002   PAD
    0x0800f064   0x0800f064   0x0000005c   Code   RO          219    .text.USBD_LL_IsStallEP  usbd_conf.o
    0x0800f0c0   0x0800f0c0   0x0000006e   Code   RO         3007    .text.USBD_LL_IsoINIncomplete  usbd_core.o
    0x0800f12e   0x0800f12e   0x00000002   PAD
    0x0800f130   0x0800f130   0x0000006e   Code   RO         3009    .text.USBD_LL_IsoOUTIncomplete  usbd_core.o
    0x0800f19e   0x0800f19e   0x00000002   PAD
    0x0800f1a0   0x0800f1a0   0x0000004a   Code   RO          209    .text.USBD_LL_OpenEP  usbd_conf.o
    0x0800f1ea   0x0800f1ea   0x00000002   PAD
    0x0800f1ec   0x0800f1ec   0x00000042   Code   RO          225    .text.USBD_LL_PrepareReceive  usbd_conf.o
    0x0800f22e   0x0800f22e   0x00000002   PAD
    0x0800f230   0x0800f230   0x0000009c   Code   RO         2997    .text.USBD_LL_Reset  usbd_core.o
    0x0800f2cc   0x0800f2cc   0x00000024   Code   RO         3003    .text.USBD_LL_Resume  usbd_core.o
    0x0800f2f0   0x0800f2f0   0x0000003e   Code   RO         3005    .text.USBD_LL_SOF   usbd_core.o
    0x0800f32e   0x0800f32e   0x00000002   PAD
    0x0800f330   0x0800f330   0x00000016   Code   RO         2999    .text.USBD_LL_SetSpeed  usbd_core.o
    0x0800f346   0x0800f346   0x00000002   PAD
    0x0800f348   0x0800f348   0x0000003a   Code   RO          221    .text.USBD_LL_SetUSBAddress  usbd_conf.o
    0x0800f382   0x0800f382   0x00000002   PAD
    0x0800f384   0x0800f384   0x00000094   Code   RO         2987    .text.USBD_LL_SetupStage  usbd_core.o
    0x0800f418   0x0800f418   0x0000003a   Code   RO          215    .text.USBD_LL_StallEP  usbd_conf.o
    0x0800f452   0x0800f452   0x00000002   PAD
    0x0800f454   0x0800f454   0x00000032   Code   RO          205    .text.USBD_LL_Start  usbd_conf.o
    0x0800f486   0x0800f486   0x00000002   PAD
    0x0800f488   0x0800f488   0x0000001e   Code   RO         3001    .text.USBD_LL_Suspend  usbd_core.o
    0x0800f4a6   0x0800f4a6   0x00000002   PAD
    0x0800f4a8   0x0800f4a8   0x00000042   Code   RO          223    .text.USBD_LL_Transmit  usbd_conf.o
    0x0800f4ea   0x0800f4ea   0x00000002   PAD
    0x0800f4ec   0x0800f4ec   0x00000062   Code   RO         3048    .text.USBD_ParseSetupRequest  usbd_ctlreq.o
    0x0800f54e   0x0800f54e   0x00000002   PAD
    0x0800f550   0x0800f550   0x00000072   Code   RO         2975    .text.USBD_RegisterClass  usbd_core.o
    0x0800f5c2   0x0800f5c2   0x00000002   PAD
    0x0800f5c4   0x0800f5c4   0x0000000a   Code   RO         2981    .text.USBD_RunTestMode  usbd_core.o
    0x0800f5ce   0x0800f5ce   0x00000002   PAD
    0x0800f5d0   0x0800f5d0   0x0000008c   Code   RO         3030    .text.USBD_SetAddress  usbd_ctlreq.o
    0x0800f65c   0x0800f65c   0x00000036   Code   RO         2983    .text.USBD_SetClassConfig  usbd_core.o
    0x0800f692   0x0800f692   0x00000002   PAD
    0x0800f694   0x0800f694   0x0000017e   Code   RO         3032    .text.USBD_SetConfig  usbd_ctlreq.o
    0x0800f812   0x0800f812   0x00000002   PAD
    0x0800f814   0x0800f814   0x0000004e   Code   RO         3038    .text.USBD_SetFeature  usbd_ctlreq.o
    0x0800f862   0x0800f862   0x00000002   PAD
    0x0800f864   0x0800f864   0x00000010   Code   RO         2977    .text.USBD_Start    usbd_core.o
    0x0800f874   0x0800f874   0x000000cc   Code   RO         3026    .text.USBD_StdDevReq  usbd_ctlreq.o
    0x0800f940   0x0800f940   0x000003ac   Code   RO         3046    .text.USBD_StdEPReq  usbd_ctlreq.o
    0x0800fcec   0x0800fcec   0x000000f4   Code   RO         3044    .text.USBD_StdItfReq  usbd_ctlreq.o
    0x0800fde0   0x0800fde0   0x00000008   Code   RO          231    .text.USBD_static_free  usbd_conf.o
    0x0800fde8   0x0800fde8   0x00000010   Code   RO          229    .text.USBD_static_malloc  usbd_conf.o
    0x0800fdf8   0x0800fdf8   0x000000de   Code   RO          482    .text.USB_ActivateEndpoint  stm32f4xx_ll_usb.o
    0x0800fed6   0x0800fed6   0x00000002   PAD
    0x0800fed8   0x0800fed8   0x0000002c   Code   RO          524    .text.USB_ActivateSetup  stm32f4xx_ll_usb.o
    0x0800ff04   0x0800ff04   0x000000fc   Code   RO          458    .text.USB_CoreInit  stm32f4xx_ll_usb.o
    0x08010000   0x08010000   0x00000082   Code   RO          460    .text.USB_CoreReset  stm32f4xx_ll_usb.o
    0x08010082   0x08010082   0x00000002   PAD
    0x08010084   0x08010084   0x00000138   Code   RO          486    .text.USB_DeactivateEndpoint  stm32f4xx_ll_usb.o
    0x080101bc   0x080101bc   0x0000002a   Code   RO          508    .text.USB_DevConnect  stm32f4xx_ll_usb.o
    0x080101e6   0x080101e6   0x00000002   PAD
    0x080101e8   0x080101e8   0x0000002a   Code   RO          510    .text.USB_DevDisconnect  stm32f4xx_ll_usb.o
    0x08010212   0x08010212   0x00000002   PAD
    0x08010214   0x08010214   0x000002c2   Code   RO          472    .text.USB_DevInit   stm32f4xx_ll_usb.o
    0x080104d6   0x080104d6   0x00000002   PAD
    0x080104d8   0x080104d8   0x00000014   Code   RO          466    .text.USB_DisableGlobalInt  stm32f4xx_ll_usb.o
    0x080104ec   0x080104ec   0x000001f6   Code   RO          494    .text.USB_EP0StartXfer  stm32f4xx_ll_usb.o
    0x080106e2   0x080106e2   0x00000002   PAD
    0x080106e4   0x080106e4   0x0000009e   Code   RO          526    .text.USB_EP0_OutStart  stm32f4xx_ll_usb.o
    0x08010782   0x08010782   0x00000002   PAD
    0x08010784   0x08010784   0x000000a0   Code   RO          502    .text.USB_EPClearStall  stm32f4xx_ll_usb.o
    0x08010824   0x08010824   0x000000a8   Code   RO          500    .text.USB_EPSetStall  stm32f4xx_ll_usb.o
    0x080108cc   0x080108cc   0x00000368   Code   RO          490    .text.USB_EPStartXfer  stm32f4xx_ll_usb.o
    0x08010c34   0x08010c34   0x0000011c   Code   RO          496    .text.USB_EPStopXfer  stm32f4xx_ll_usb.o
    0x08010d50   0x08010d50   0x00000014   Code   RO          464    .text.USB_EnableGlobalInt  stm32f4xx_ll_usb.o
    0x08010d64   0x08010d64   0x00000080   Code   RO          478    .text.USB_FlushRxFifo  stm32f4xx_ll_usb.o
    0x08010de4   0x08010de4   0x00000086   Code   RO          476    .text.USB_FlushTxFifo  stm32f4xx_ll_usb.o
    0x08010e6a   0x08010e6a   0x00000002   PAD
    0x08010e6c   0x08010e6c   0x0000004c   Code   RO          480    .text.USB_GetDevSpeed  stm32f4xx_ll_usb.o
    0x08010eb8   0x08010eb8   0x00000010   Code   RO          470    .text.USB_GetMode   stm32f4xx_ll_usb.o
    0x08010ec8   0x08010ec8   0x00000024   Code   RO          516    .text.USB_ReadDevAllInEpInterrupt  stm32f4xx_ll_usb.o
    0x08010eec   0x08010eec   0x00000024   Code   RO          514    .text.USB_ReadDevAllOutEpInterrupt  stm32f4xx_ll_usb.o
    0x08010f10   0x08010f10   0x0000004e   Code   RO          520    .text.USB_ReadDevInEPInterrupt  stm32f4xx_ll_usb.o
    0x08010f5e   0x08010f5e   0x00000002   PAD
    0x08010f60   0x08010f60   0x0000002e   Code   RO          518    .text.USB_ReadDevOutEPInterrupt  stm32f4xx_ll_usb.o
    0x08010f8e   0x08010f8e   0x00000002   PAD
    0x08010f90   0x08010f90   0x0000001a   Code   RO          512    .text.USB_ReadInterrupts  stm32f4xx_ll_usb.o
    0x08010faa   0x08010faa   0x00000002   PAD
    0x08010fac   0x08010fac   0x000000b4   Code   RO          498    .text.USB_ReadPacket  stm32f4xx_ll_usb.o
    0x08011060   0x08011060   0x000000de   Code   RO          468    .text.USB_SetCurrentMode  stm32f4xx_ll_usb.o
    0x0801113e   0x0801113e   0x00000002   PAD
    0x08011140   0x08011140   0x00000036   Code   RO          506    .text.USB_SetDevAddress  stm32f4xx_ll_usb.o
    0x08011176   0x08011176   0x00000002   PAD
    0x08011178   0x08011178   0x00000022   Code   RO          474    .text.USB_SetDevSpeed  stm32f4xx_ll_usb.o
    0x0801119a   0x0801119a   0x00000002   PAD
    0x0801119c   0x0801119c   0x000001ba   Code   RO          462    .text.USB_SetTurnaroundTime  stm32f4xx_ll_usb.o
    0x08011356   0x08011356   0x00000002   PAD
    0x08011358   0x08011358   0x00000082   Code   RO          492    .text.USB_WritePacket  stm32f4xx_ll_usb.o
    0x080113da   0x080113da   0x00000002   PAD
    0x080113dc   0x080113dc   0x0000000e   Code   RO         2639    .text.Uart_DMACurrentDataCounter  util_uart.o
    0x080113ea   0x080113ea   0x00000002   PAD
    0x080113ec   0x080113ec   0x0000002e   Code   RO         2631    .text.Uart_InitUartDMA  util_uart.o
    0x0801141a   0x0801141a   0x00000002   PAD
    0x0801141c   0x0801141c   0x00000060   Code   RO         2633    .text.Uart_ReceiveDMA  util_uart.o
    0x0801147c   0x0801147c   0x00000048   Code   RO         2645    .text.Uart_ReceiveHandler  util_uart.o
    0x080114c4   0x080114c4   0x0000003e   Code   RO         2629    .text.Uart_RxIdleCallback  util_uart.o
    0x08011502   0x08011502   0x00000002   PAD
    0x08011504   0x08011504   0x00000004   Code   RO          305    .text.UsageFault_Handler  stm32f4xx_it.o
    0x08011508   0x08011508   0x0000007e   Code   RO         2312    .text.WatchDog_Feed  app_watchdog.o
    0x08011586   0x08011586   0x00000002   PAD
    0x08011588   0x08011588   0x00000040   Code   RO         2310    .text.WatchDog_Task  app_watchdog.o
    0x080115c8   0x080115c8   0x00000030   Code   RO          849    .text.__NVIC_EnableIRQ  stm32f4xx_hal_cortex.o
    0x080115f8   0x080115f8   0x00000010   Code   RO          841    .text.__NVIC_GetPriorityGrouping  stm32f4xx_hal_cortex.o
    0x08011608   0x08011608   0x00000042   Code   RO          843    .text.__NVIC_SetPriority  stm32f4xx_hal_cortex.o
    0x0801164a   0x0801164a   0x00000002   PAD
    0x0801164c   0x0801164c   0x0000003c   Code   RO          837    .text.__NVIC_SetPriorityGrouping  stm32f4xx_hal_cortex.o
    0x08011688   0x08011688   0x00000026   Code   RO         2348    .text.__NVIC_SystemReset  app_remote.o
    0x080116ae   0x080116ae   0x00000002   PAD
    0x080116b0   0x080116b0   0x0000007e   Code   RO         2961    .text._send_chassis  protocol_transmit.o
    0x0801172e   0x0801172e   0x00000002   PAD
    0x08011730   0x08011730   0x0000009c   Code   RO         2959    .text._send_imu     protocol_transmit.o
    0x080117cc   0x080117cc   0x00000036   Code   RO         2947    .text._set_angle_   protocol_receive.o
    0x08011802   0x08011802   0x00000002   PAD
    0x08011804   0x08011804   0x00000028   Code   RO         2949    .text._set_motor_   protocol_receive.o
    0x0801182c   0x0801182c   0x000000a0   Code   RO         3128    .text.arm_cos_f32   arm_cortexM4lf_math.lib(arm_cos_f32.o)
    0x080118cc   0x080118cc   0x000000be   Code   RO         3148    .text.arm_mat_add_f32  arm_cortexM4lf_math.lib(arm_mat_add_f32.o)
    0x0801198a   0x0801198a   0x00000008   Code   RO         3158    .text.arm_mat_init_f32  arm_cortexM4lf_math.lib(arm_mat_init_f32.o)
    0x08011992   0x08011992   0x00000002   PAD
    0x08011994   0x08011994   0x000002d0   Code   RO         3167    .text.arm_mat_inverse_f32  arm_cortexM4lf_math.lib(arm_mat_inverse_f32.o)
    0x08011c64   0x08011c64   0x0000013c   Code   RO         3177    .text.arm_mat_mult_f32  arm_cortexM4lf_math.lib(arm_mat_mult_f32.o)
    0x08011da0   0x08011da0   0x000000be   Code   RO         3187    .text.arm_mat_sub_f32  arm_cortexM4lf_math.lib(arm_mat_sub_f32.o)
    0x08011e5e   0x08011e5e   0x00000002   PAD
    0x08011e60   0x08011e60   0x000000b2   Code   RO         3197    .text.arm_mat_trans_f32  arm_cortexM4lf_math.lib(arm_mat_trans_f32.o)
    0x08011f12   0x08011f12   0x00000002   PAD
    0x08011f14   0x08011f14   0x00000098   Code   RO         3138    .text.arm_sin_f32   arm_cortexM4lf_math.lib(arm_sin_f32.o)
    0x08011fac   0x08011fac   0x00000014   Code   RO         2881    .text.buff2float    lib_buff.o
    0x08011fc0   0x08011fc0   0x00000016   Code   RO         2883    .text.float2buff    lib_buff.o
    0x08011fd6   0x08011fd6   0x00000002   PAD
    0x08011fd8   0x08011fd8   0x00000014   Code   RO         2064    .text.inHandlerMode  cmsis_os.o
    0x08011fec   0x08011fec   0x00000048   Code   RO           11    .text.main          main.o
    0x08012034   0x08012034   0x00000028   Code   RO         2068    .text.makeFreeRtosPriority  cmsis_os.o
    0x0801205c   0x0801205c   0x00000028   Code   RO         2082    .text.osDelay       cmsis_os.o
    0x08012084   0x08012084   0x0000000a   Code   RO         2058    .text.osKernelStart  cmsis_os.o
    0x0801208e   0x0801208e   0x00000002   PAD
    0x08012090   0x08012090   0x000000ac   Code   RO         2066    .text.osThreadCreate  cmsis_os.o
    0x0801213c   0x0801213c   0x00000072   Code   RO         2084    .text.osTimerCreate  cmsis_os.o
    0x080121ae   0x080121ae   0x00000002   PAD
    0x080121b0   0x080121b0   0x0000008e   Code   RO         2086    .text.osTimerStart  cmsis_os.o
    0x0801223e   0x0801223e   0x00000002   PAD
    0x08012240   0x08012240   0x000000fc   Code   RO         1860    .text.prvAddCurrentTaskToDelayedList  tasks.o
    0x0801233c   0x0801233c   0x00000110   Code   RO         1846    .text.prvAddNewTaskToReadyList  tasks.o
    0x0801244c   0x0801244c   0x000000a2   Code   RO         1993    .text.prvCheckForValidListAndQueue  timers.o
    0x080124ee   0x080124ee   0x00000002   PAD
    0x080124f0   0x080124f0   0x0000005a   Code   RO         1960    .text.prvCheckTasksWaitingTermination  tasks.o
    0x0801254a   0x0801254a   0x00000002   PAD
    0x0801254c   0x0801254c   0x00000042   Code   RO         1749    .text.prvCopyDataFromQueue  queue.o
    0x0801258e   0x0801258e   0x00000002   PAD
    0x08012590   0x08012590   0x000000cc   Code   RO         1737    .text.prvCopyDataToQueue  queue.o
    0x0801265c   0x0801265c   0x0000005e   Code   RO         1852    .text.prvDeleteTCB  tasks.o
    0x080126ba   0x080126ba   0x00000002   PAD
    0x080126bc   0x080126bc   0x00000040   Code   RO         2027    .text.prvGetNextExpireTime  timers.o
    0x080126fc   0x080126fc   0x000000bc   Code   RO         2185    .text.prvHeapInit   heap_4.o
    0x080127b8   0x080127b8   0x00000038   Code   RO         1886    .text.prvIdleTask   tasks.o
    0x080127f0   0x080127f0   0x0000003e   Code   RO         1721    .text.prvInitialiseNewQueue  queue.o
    0x0801282e   0x0801282e   0x00000002   PAD
    0x08012830   0x08012830   0x00000128   Code   RO         1844    .text.prvInitialiseNewTask  tasks.o
    0x08012958   0x08012958   0x00000076   Code   RO         1999    .text.prvInitialiseNewTimer  timers.o
    0x080129ce   0x080129ce   0x00000002   PAD
    0x080129d0   0x080129d0   0x0000008e   Code   RO         1958    .text.prvInitialiseTaskLists  tasks.o
    0x08012a5e   0x08012a5e   0x00000002   PAD
    0x08012a60   0x08012a60   0x000000c6   Code   RO         2187    .text.prvInsertBlockIntoFreeList  heap_4.o
    0x08012b26   0x08012b26   0x00000002   PAD
    0x08012b28   0x08012b28   0x00000086   Code   RO         2039    .text.prvInsertTimerInActiveList  timers.o
    0x08012bae   0x08012bae   0x00000002   PAD
    0x08012bb0   0x08012bb0   0x00000028   Code   RO         1751    .text.prvIsQueueEmpty  queue.o
    0x08012bd8   0x08012bd8   0x0000002e   Code   RO         1739    .text.prvIsQueueFull  queue.o
    0x08012c06   0x08012c06   0x00000002   PAD
    0x08012c08   0x08012c08   0x00000028   Code   RO         2226    .text.prvPortStartFirstTask  port.o
    0x08012c30   0x08012c30   0x0000008e   Code   RO         2035    .text.prvProcessExpiredTimer  timers.o
    0x08012cbe   0x08012cbe   0x00000002   PAD
    0x08012cc0   0x08012cc0   0x00000192   Code   RO         2031    .text.prvProcessReceivedCommands  timers.o
    0x08012e52   0x08012e52   0x00000002   PAD
    0x08012e54   0x08012e54   0x0000009a   Code   RO         2029    .text.prvProcessTimerOrBlockTask  timers.o
    0x08012eee   0x08012eee   0x00000002   PAD
    0x08012ef0   0x08012ef0   0x00000046   Code   RO         1854    .text.prvResetNextTaskUnblockTime  tasks.o
    0x08012f36   0x08012f36   0x00000002   PAD
    0x08012f38   0x08012f38   0x00000044   Code   RO         2033    .text.prvSampleTimeNow  timers.o
    0x08012f7c   0x08012f7c   0x000000d4   Code   RO         2037    .text.prvSwitchTimerLists  timers.o
    0x08013050   0x08013050   0x0000004c   Code   RO         2216    .text.prvTaskExitError  port.o
    0x0801309c   0x0801309c   0x0000001e   Code   RO         1995    .text.prvTimerTask  timers.o
    0x080130ba   0x080130ba   0x00000002   PAD
    0x080130bc   0x080130bc   0x000000ae   Code   RO         1741    .text.prvUnlockQueue  queue.o
    0x0801316a   0x0801316a   0x00000002   PAD
    0x0801316c   0x0801316c   0x000001ec   Code   RO         2183    .text.pvPortMalloc  heap_4.o
    0x08013358   0x08013358   0x0000005e   Code   RO         2214    .text.pxPortInitialiseStack  port.o
    0x080133b6   0x080133b6   0x00000002   PAD
    0x080133b8   0x080133b8   0x00000200   Code   RO         2439    .text.rm3508_encoder_callback  periph_motor.o
    0x080135b8   0x080135b8   0x00000048   Code   RO         1708    .text.uxListRemove  list.o
    0x08013600   0x08013600   0x0000002a   Code   RO           35    .text.vApplicationGetIdleTaskMemory  freertos.o
    0x0801362a   0x0801362a   0x00000002   PAD
    0x0801362c   0x0801362c   0x0000002c   Code   RO           37    .text.vApplicationGetTimerTaskMemory  freertos.o
    0x08013658   0x08013658   0x0000002e   Code   RO         1700    .text.vListInitialise  list.o
    0x08013686   0x08013686   0x00000002   PAD
    0x08013688   0x08013688   0x0000000e   Code   RO         1702    .text.vListInitialiseItem  list.o
    0x08013696   0x08013696   0x00000002   PAD
    0x08013698   0x08013698   0x0000006a   Code   RO         1706    .text.vListInsert   list.o
    0x08013702   0x08013702   0x00000002   PAD
    0x08013704   0x08013704   0x0000003a   Code   RO         1704    .text.vListInsertEnd  list.o
    0x0801373e   0x0801373e   0x00000002   PAD
    0x08013740   0x08013740   0x00000014   Code   RO         2224    .text.vPortEnableVFP  port.o
    0x08013754   0x08013754   0x00000056   Code   RO         2230    .text.vPortEnterCritical  port.o
    0x080137aa   0x080137aa   0x00000002   PAD
    0x080137ac   0x080137ac   0x0000004a   Code   RO         2232    .text.vPortExitCritical  port.o
    0x080137f6   0x080137f6   0x00000002   PAD
    0x080137f8   0x080137f8   0x000000ce   Code   RO         2189    .text.vPortFree     heap_4.o
    0x080138c6   0x080138c6   0x00000002   PAD
    0x080138c8   0x080138c8   0x00000044   Code   RO         2222    .text.vPortSetupTimerInterrupt  port.o
    0x0801390c   0x0801390c   0x00000084   Code   RO         2238    .text.vPortValidateInterruptPriority  port.o
    0x08013990   0x08013990   0x00000052   Code   RO         1777    .text.vQueueAddToRegistry  queue.o
    0x080139e2   0x080139e2   0x00000002   PAD
    0x080139e4   0x080139e4   0x00000064   Code   RO         1781    .text.vQueueWaitForMessageRestricted  queue.o
    0x08013a48   0x08013a48   0x0000006e   Code   RO         1864    .text.vTaskDelay    tasks.o
    0x08013ab6   0x08013ab6   0x00000002   PAD
    0x08013ab8   0x08013ab8   0x00000024   Code   RO         1920    .text.vTaskInternalSetTimeOutState  tasks.o
    0x08013adc   0x08013adc   0x0000000e   Code   RO         1924    .text.vTaskMissedYield  tasks.o
    0x08013aea   0x08013aea   0x00000002   PAD
    0x08013aec   0x08013aec   0x00000042   Code   RO         1908    .text.vTaskPlaceOnEventList  tasks.o
    0x08013b2e   0x08013b2e   0x00000002   PAD
    0x08013b30   0x08013b30   0x00000052   Code   RO         1912    .text.vTaskPlaceOnEventListRestricted  tasks.o
    0x08013b82   0x08013b82   0x00000002   PAD
    0x08013b84   0x08013b84   0x000000e0   Code   RO         1884    .text.vTaskStartScheduler  tasks.o
    0x08013c64   0x08013c64   0x0000015a   Code   RO         1874    .text.vTaskSuspend  tasks.o
    0x08013dbe   0x08013dbe   0x00000002   PAD
    0x08013dc0   0x08013dc0   0x00000010   Code   RO         1858    .text.vTaskSuspendAll  tasks.o
    0x08013dd0   0x08013dd0   0x000000be   Code   RO         1876    .text.vTaskSwitchContext  tasks.o
    0x08013e8e   0x08013e8e   0x00000002   PAD
    0x08013e90   0x08013e90   0x00000156   Code   RO         2220    .text.xPortStartScheduler  port.o
    0x08013fe6   0x08013fe6   0x00000002   PAD
    0x08013fe8   0x08013fe8   0x0000010e   Code   RO         1719    .text.xQueueGenericCreateStatic  queue.o
    0x080140f6   0x080140f6   0x00000002   PAD
    0x080140f8   0x080140f8   0x000000ba   Code   RO         1717    .text.xQueueGenericReset  queue.o
    0x080141b2   0x080141b2   0x00000002   PAD
    0x080141b4   0x080141b4   0x0000022c   Code   RO         1735    .text.xQueueGenericSend  queue.o
    0x080143e0   0x080143e0   0x0000014c   Code   RO         1743    .text.xQueueGenericSendFromISR  queue.o
    0x0801452c   0x0801452c   0x000001dc   Code   RO         1747    .text.xQueueReceive  queue.o
    0x08014708   0x08014708   0x000000f6   Code   RO         1922    .text.xTaskCheckForTimeOut  tasks.o
    0x080147fe   0x080147fe   0x00000002   PAD
    0x08014800   0x08014800   0x0000009e   Code   RO         1848    .text.xTaskCreate   tasks.o
    0x0801489e   0x0801489e   0x00000002   PAD
    0x080148a0   0x080148a0   0x000000ce   Code   RO         1842    .text.xTaskCreateStatic  tasks.o
    0x0801496e   0x0801496e   0x00000002   PAD
    0x08014970   0x08014970   0x00000038   Code   RO         1932    .text.xTaskGetSchedulerState  tasks.o
    0x080149a8   0x080149a8   0x00000014   Code   RO         1892    .text.xTaskGetTickCount  tasks.o
    0x080149bc   0x080149bc   0x000001b8   Code   RO         1890    .text.xTaskIncrementTick  tasks.o
    0x08014b74   0x08014b74   0x00000118   Code   RO         1936    .text.xTaskPriorityDisinherit  tasks.o
    0x08014c8c   0x08014c8c   0x000000c2   Code   RO         1914    .text.xTaskRemoveFromEventList  tasks.o
    0x08014d4e   0x08014d4e   0x00000002   PAD
    0x08014d50   0x08014d50   0x00000178   Code   RO         1862    .text.xTaskResumeAll  tasks.o
    0x08014ec8   0x08014ec8   0x0000004a   Code   RO         1997    .text.xTimerCreate  timers.o
    0x08014f12   0x08014f12   0x00000002   PAD
    0x08014f14   0x08014f14   0x0000008a   Code   RO         2001    .text.xTimerCreateStatic  timers.o
    0x08014f9e   0x08014f9e   0x00000002   PAD
    0x08014fa0   0x08014fa0   0x00000094   Code   RO         1991    .text.xTimerCreateTimerTask  timers.o
    0x08015034   0x08015034   0x000000b0   Code   RO         2003    .text.xTimerGenericCommand  timers.o
    0x080150e4   0x080150e4   0x00000026   Code   RO         3355    i.__ARM_fpclassifyf  m_wm.l(fpclassifyf.o)
    0x0801510a   0x0801510a   0x00000002   PAD
    0x0801510c   0x0801510c   0x00000118   Code   RO         3271    i.__hardfp_acosf    m_wm.l(acosf.o)
    0x08015224   0x08015224   0x0000012c   Code   RO         3277    i.__hardfp_asinf    m_wm.l(asinf.o)
    0x08015350   0x08015350   0x000002ac   Code   RO         3283    i.__hardfp_atan2f   m_wm.l(atan2f.o)
    0x080155fc   0x080155fc   0x0000003a   Code   RO         3296    i.__hardfp_sqrtf    m_wm.l(sqrtf.o)
    0x08015636   0x08015636   0x00000006   Code   RO         3358    i.__mathlib_flt_infnan  m_wm.l(funder.o)
    0x0801563c   0x0801563c   0x00000006   Code   RO         3359    i.__mathlib_flt_infnan2  m_wm.l(funder.o)
    0x08015642   0x08015642   0x00000002   PAD
    0x08015644   0x08015644   0x00000010   Code   RO         3360    i.__mathlib_flt_invalid  m_wm.l(funder.o)
    0x08015654   0x08015654   0x00000010   Code   RO         3363    i.__mathlib_flt_underflow  m_wm.l(funder.o)
    0x08015664   0x08015664   0x0000000e   Code   RO         3411    i.__scatterload_copy  mc_w.l(handlers.o)
    0x08015672   0x08015672   0x00000002   Code   RO         3412    i.__scatterload_null  mc_w.l(handlers.o)
    0x08015674   0x08015674   0x0000000e   Code   RO         3413    i.__scatterload_zeroinit  mc_w.l(handlers.o)
    0x08015682   0x08015682   0x00000002   PAD
    0x08015684   0x08015684   0x0000000c   Code   RO         3395    i.__set_errno       mc_w.l(errno.o)
    0x08015690   0x08015690   0x0000006c   Code   RO         3316    i.malloc            mc_w.l(malloc.o)
    0x080156fc   0x080156fc   0x0000003e   Code   RO         3298    i.sqrtf             m_wm.l(sqrtf.o)
    0x0801573a   0x0801573a   0x00000002   PAD
    0x0801573c   0x0801573c   0x0000001c   Data   RO           68    .rodata..L__const.MX_FREERTOS_Init.os_thread_def_Chassis_TaskHa  freertos.o
    0x08015758   0x08015758   0x0000001c   Data   RO           70    .rodata..L__const.MX_FREERTOS_Init.os_thread_def_Comm_TaskHandle  freertos.o
    0x08015774   0x08015774   0x0000001c   Data   RO           62    .rodata..L__const.MX_FREERTOS_Init.os_thread_def_Init_TaskHandle  freertos.o
    0x08015790   0x08015790   0x0000001c   Data   RO           64    .rodata..L__const.MX_FREERTOS_Init.os_thread_def_Ins_TaskHandler  freertos.o
    0x080157ac   0x080157ac   0x0000001c   Data   RO           72    .rodata..L__const.MX_FREERTOS_Init.os_thread_def_Remote_TaskHand  freertos.o
    0x080157c8   0x080157c8   0x0000001c   Data   RO           66    .rodata..L__const.MX_FREERTOS_Init.os_thread_def_WatchDog_TaskHa  freertos.o
    0x080157e4   0x080157e4   0x00000008   Data   RO           59    .rodata..L__const.MX_FREERTOS_Init.os_timer_def_SoftTimer  freertos.o
    0x080157ec   0x080157ec   0x00000010   Data   RO         1661    .rodata.AHBPrescTable  system_stm32f4xx.o
    0x080157fc   0x080157fc   0x00000008   Data   RO         1662    .rodata.APBPrescTable  system_stm32f4xx.o
    0x08015804   0x08015804   0x00000004   Data   RO         2658    .rodata.Const_Angle_to_Duty_Gain  sys_const.o
    0x08015808   0x08015808   0x00000004   Data   RO         2666    .rodata.Const_BMI088_OFFLINE_TIME  sys_const.o
    0x0801580c   0x0801580c   0x00000140   Data   RO         2662    .rodata.Const_ChassisMotorParam  sys_const.o
    0x0801594c   0x0801594c   0x00000004   Data   RO         2661    .rodata.Const_Control_Time  sys_const.o
    0x08015950   0x08015950   0x00000004   Data   RO         2669    .rodata.Const_Motor_MOTOR_OFFLINE_TIME  sys_const.o
    0x08015954   0x08015954   0x00000002   Data   RO         2670    .rodata.Const_Protocol_OFFLINE_TIME  sys_const.o
    0x08015956   0x08015956   0x00000002   PAD
    0x08015958   0x08015958   0x00000004   Data   RO         2660    .rodata.Const_Rear_Motor_Bias  sys_const.o
    0x0801595c   0x0801595c   0x00000004   Data   RO         2668    .rodata.Const_Remote_REMOTE_OFFLINE_TIME  sys_const.o
    0x08015960   0x08015960   0x00000004   Data   RO         2656    .rodata.Const_Remote_Steer_Gain  sys_const.o
    0x08015964   0x08015964   0x00000004   Data   RO         2654    .rodata.Const_SERVO_INIT_OFFSET  sys_const.o
    0x08015968   0x08015968   0x00000008   Data   RO          767    .rodata.DMA_CalcBaseAndBitshift.flagBitshiftOffset  stm32f4xx_hal_dma.o
    0x08015970   0x08015970   0x00000090   Data   RO         2663    .rodata.QuaternionEKF_F  sys_const.o
    0x08015a00   0x08015a00   0x00000804   Data   RO         3263    .rodata.sinTable_f32  arm_cortexM4lf_math.lib(arm_common_tables.o)
    0x08016204   0x08016204   0x0000005f   Data   RO           61    .rodata.str1.1      freertos.o
    0x08016263   0x08016263   0x00000042   Data   RO          266    .rodata.str1.1      usbd_desc.o
    0x080162a5   0x080162a5   0x00000005   Data   RO         1976    .rodata.str1.1      tasks.o
    0x080162aa   0x080162aa   0x0000000d   Data   RO         2042    .rodata.str1.1      timers.o
    0x080162b7   0x080162b7   0x00000012   Data   RO         2423    .rodata.write_BMI088_ACCEL_self_test_Reg_Data_Error  periph_bmi088.o
    0x080162c9   0x080162c9   0x00000003   PAD
    0x080162cc   0x080162cc   0x00000020   Data   RO         3410    Region$$Table       anon$$obj.o


    Execution Region RW_IRAM1 (Exec base: 0x20000000, Load base: 0x080162f0, Size: 0x0000ad70, Max: 0x0001c000, ABSOLUTE, COMPRESSED[0x00000130])

    Exec Addr    Load Addr    Size         Type   Attr      Idx    E Section Name        Object

    0x20000000   COMPRESSED   0x00000004   Data   RW         3391    .data               mc_w.l(mvars.o)
    0x20000004   COMPRESSED   0x00000004   Data   RW         3392    .data               mc_w.l(mvars.o)
    0x20000008   COMPRESSED   0x00000004   Data   RW         3396    .data               mc_w.l(errno.o)
    0x2000000c   COMPRESSED   0x00000002   Data   RW         2419    .data.BMI088_SetOffset.CaliTimes  periph_bmi088.o
    0x2000000e   COMPRESSED   0x00000001   Data   RW         3119    .data.CDCCmdEpAdd   usbd_cdc.o
    0x2000000f   COMPRESSED   0x00000001   Data   RW         3117    .data.CDCInEpAdd    usbd_cdc.o
    0x20000010   COMPRESSED   0x00000001   Data   RW         3118    .data.CDCOutEpAdd   usbd_cdc.o
    0x20000011   COMPRESSED   0x00000003   PAD
    0x20000014   COMPRESSED   0x00000004   Data   RW         2574    .data.CS_ACCEL      util_gpio.o
    0x20000018   COMPRESSED   0x00000014   Data   RW         2570    .data.CS_ACCEL_START  util_gpio.o
    0x2000002c   COMPRESSED   0x00000004   Data   RW         2575    .data.CS_GYRO       util_gpio.o
    0x20000030   COMPRESSED   0x00000014   Data   RW         2571    .data.CS_GYRO_START  util_gpio.o
    0x20000044   COMPRESSED   0x00000004   Data   RW         2665    .data.Const_BMI088_SPI_HANDLER  sys_const.o
    0x20000048   COMPRESSED   0x00000004   Data   RW         2671    .data.Const_Comm_UART_HANDLER  sys_const.o
    0x2000004c   COMPRESSED   0x00000004   Data   RW         2655    .data.Const_Remote_Speed_Gain  sys_const.o
    0x20000050   COMPRESSED   0x00000004   Data   RW         2657    .data.Const_Remote_Torque_Gain  sys_const.o
    0x20000054   COMPRESSED   0x00000004   Data   RW         2667    .data.Const_Remote_UART_HANDLER  sys_const.o
    0x20000058   COMPRESSED   0x0000001c   Data   RW          262    .data.FS_Desc       usbd_desc.o
    0x20000074   COMPRESSED   0x00000008   Data   RW         2951    .data.ProtocolCmd_Receive  protocol_receive.o
    0x2000007c   COMPRESSED   0x00000008   Data   RW         2963    .data.ProtocolCmd_Send  protocol_transmit.o
    0x20000084   COMPRESSED   0x00000090   Data   RW         2664    .data.QuaternionEKF_P  sys_const.o
    0x20000114   COMPRESSED   0x00000004   Data   RW         1660    .data.SystemCoreClock  system_stm32f4xx.o
    0x20000118   COMPRESSED   0x00000038   Data   RW         3115    .data.USBD_CDC      usbd_cdc.o
    0x20000150   COMPRESSED   0x00000043   Data   RW         3120    .data.USBD_CDC_CfgDesc  usbd_cdc.o
    0x20000193   COMPRESSED   0x00000001   PAD
    0x20000194   COMPRESSED   0x0000000a   Data   RW         3116    .data.USBD_CDC_DeviceQualifierDesc  usbd_cdc.o
    0x2000019e   COMPRESSED   0x00000002   PAD
    0x200001a0   COMPRESSED   0x00000012   Data   RW          263    .data.USBD_FS_DeviceDesc  usbd_desc.o
    0x200001b2   COMPRESSED   0x00000002   PAD
    0x200001b4   COMPRESSED   0x00000014   Data   RW          287    .data.USBD_Interface_fops_FS  usbd_cdc_if.o
    0x200001c8   COMPRESSED   0x00000004   Data   RW          264    .data.USBD_LangIDDesc  usbd_desc.o
    0x200001cc   COMPRESSED   0x0000001a   Data   RW          265    .data.USBD_StringSerial  usbd_desc.o
    0x200001e6   COMPRESSED   0x00000001   Data   RW          961    .data.uwTickFreq    stm32f4xx_hal.o
    0x200001e7   COMPRESSED   0x00000001   PAD
    0x200001e8   COMPRESSED   0x00000004   Data   RW          960    .data.uwTickPrio    stm32f4xx_hal.o
    0x200001ec   COMPRESSED   0x00000004   Data   RW         2242    .data.uxCriticalNesting  port.o
    0x200001f0   COMPRESSED   0x00000012   Data   RW         2421    .data.write_BMI088_accel_reg_data_error  periph_bmi088.o
    0x20000202   COMPRESSED   0x00000012   Data   RW         2422    .data.write_BMI088_gyro_reg_data_error  periph_bmi088.o
    0x20000214   COMPRESSED   0x00000004   PAD
    0x20000218        -       0x00000074   Zero   RW         2418    .bss.BMI088_Data    periph_bmi088.o
    0x2000028c        -       0x000000c8   Zero   RW         2531    .bss.Can_RxData     util_can.o
    0x20000354        -       0x0000001c   Zero   RW         2530    .bss.Can_RxHeader   util_can.o
    0x20000370        -       0x00000228   Zero   RW         2382    .bss.Chassis_Data   app_chassis.o
    0x20000598        -       0x00000004   Zero   RW           69    .bss.Chassis_TaskHaHandle  freertos.o
    0x2000059c        -       0x00000004   Zero   RW           71    .bss.Comm_TaskHandleHandle  freertos.o
    0x200005a0        -       0x00000030   Zero   RW         2701    .bss.DWTData        sys_dwt.o
    0x200005d0        -       0x00000001   Zero   RW         2702    .bss.DWT_CNT_Update.pending  sys_dwt.o
    0x200005d1   COMPRESSED   0x00000001   PAD
    0x200005d2        -       0x00000002   Zero   RW         2316    .bss.Dog_Bowl       app_watchdog.o
    0x200005d4        -       0x00000004   Zero   RW           91    .bss.HAL_RCC_CAN1_CLK_ENABLED  can.o
    0x200005d8        -       0x000000a4   Zero   RW         2290    .bss.INS            app_ins.o
    0x2000067c        -       0x00000004   Zero   RW           63    .bss.Init_TaskHandleHandle  freertos.o
    0x20000680        -       0x00000004   Zero   RW         2289    .bss.Ins_Task.count  app_ins.o
    0x20000684        -       0x00000004   Zero   RW           65    .bss.Ins_TaskHandlerHandle  freertos.o
    0x20000688        -       0x00000054   Zero   RW         2456    .bss.Motor_ChassisLeftBackMotor  periph_motor.o
    0x200006dc        -       0x00000054   Zero   RW         2455    .bss.Motor_ChassisLeftFrontMotor  periph_motor.o
    0x20000730        -       0x00000034   Zero   RW         2454    .bss.Motor_ChassisMotors  periph_motor.o
    0x20000764        -       0x00000054   Zero   RW         2458    .bss.Motor_ChassisRightBackMotor  periph_motor.o
    0x200007b8        -       0x00000054   Zero   RW         2457    .bss.Motor_ChassisRightFrontMotor  periph_motor.o
    0x2000080c        -       0x00000004   Zero   RW         2453    .bss.Motor_groupHandle  periph_motor.o
    0x20000810        -       0x00000004   Zero   RW         2294    .bss.Param_Correction.c_11  app_ins.o
    0x20000814        -       0x00000004   Zero   RW         2295    .bss.Param_Correction.c_12  app_ins.o
    0x20000818        -       0x00000004   Zero   RW         2296    .bss.Param_Correction.c_13  app_ins.o
    0x2000081c        -       0x00000004   Zero   RW         2297    .bss.Param_Correction.c_21  app_ins.o
    0x20000820        -       0x00000004   Zero   RW         2298    .bss.Param_Correction.c_22  app_ins.o
    0x20000824        -       0x00000004   Zero   RW         2299    .bss.Param_Correction.c_23  app_ins.o
    0x20000828        -       0x00000004   Zero   RW         2300    .bss.Param_Correction.c_31  app_ins.o
    0x2000082c        -       0x00000004   Zero   RW         2301    .bss.Param_Correction.c_32  app_ins.o
    0x20000830        -       0x00000004   Zero   RW         2302    .bss.Param_Correction.c_33  app_ins.o
    0x20000834        -       0x00000004   Zero   RW         2292    .bss.Param_Correction.lastPitchOffset  app_ins.o
    0x20000838        -       0x00000004   Zero   RW         2293    .bss.Param_Correction.lastRollOffset  app_ins.o
    0x2000083c        -       0x00000004   Zero   RW         2291    .bss.Param_Correction.lastYawOffset  app_ins.o
    0x20000840        -       0x00000080   Zero   RW         2939    .bss.Protocol_Data  protocol_common.o
    0x200008c0        -       0x000001e0   Zero   RW         2854    .bss.QEKF_INS       alg_quaternionekf.o
    0x20000aa0        -       0x00000004   Zero   RW         2861    .bss.QuaternionEKF_F_Linearization_P_Fading.q0  alg_quaternionekf.o
    0x20000aa4        -       0x00000004   Zero   RW         2862    .bss.QuaternionEKF_F_Linearization_P_Fading.q1  alg_quaternionekf.o
    0x20000aa8        -       0x00000004   Zero   RW         2863    .bss.QuaternionEKF_F_Linearization_P_Fading.q2  alg_quaternionekf.o
    0x20000aac        -       0x00000004   Zero   RW         2864    .bss.QuaternionEKF_F_Linearization_P_Fading.q3  alg_quaternionekf.o
    0x20000ab0        -       0x00000004   Zero   RW         2865    .bss.QuaternionEKF_F_Linearization_P_Fading.qInvNorm  alg_quaternionekf.o
    0x20000ab4        -       0x00000048   Zero   RW         2860    .bss.QuaternionEKF_H  alg_quaternionekf.o
    0x20000afc        -       0x00000048   Zero   RW         2859    .bss.QuaternionEKF_K  alg_quaternionekf.o
    0x20000b44        -       0x00000004   Zero   RW         2866    .bss.QuaternionEKF_SetH.doubleq0  alg_quaternionekf.o
    0x20000b48        -       0x00000004   Zero   RW         2867    .bss.QuaternionEKF_SetH.doubleq1  alg_quaternionekf.o
    0x20000b4c        -       0x00000004   Zero   RW         2868    .bss.QuaternionEKF_SetH.doubleq2  alg_quaternionekf.o
    0x20000b50        -       0x00000004   Zero   RW         2869    .bss.QuaternionEKF_SetH.doubleq3  alg_quaternionekf.o
    0x20000b54        -       0x00000004   Zero   RW         2858    .bss.QuaternionEKF_Update.accelInvNorm  alg_quaternionekf.o
    0x20000b58        -       0x00000004   Zero   RW         2855    .bss.QuaternionEKF_Update.halfgxdt  alg_quaternionekf.o
    0x20000b5c        -       0x00000004   Zero   RW         2856    .bss.QuaternionEKF_Update.halfgydt  alg_quaternionekf.o
    0x20000b60        -       0x00000004   Zero   RW         2857    .bss.QuaternionEKF_Update.halfgzdt  alg_quaternionekf.o
    0x20000b64        -       0x00000004   Zero   RW         2870    .bss.QuaternionEKF_xhatUpdate.q0  alg_quaternionekf.o
    0x20000b68        -       0x00000004   Zero   RW         2871    .bss.QuaternionEKF_xhatUpdate.q1  alg_quaternionekf.o
    0x20000b6c        -       0x00000004   Zero   RW         2872    .bss.QuaternionEKF_xhatUpdate.q2  alg_quaternionekf.o
    0x20000b70        -       0x00000004   Zero   RW         2873    .bss.QuaternionEKF_xhatUpdate.q3  alg_quaternionekf.o
    0x20000b74        -       0x00000001   Zero   RW         2351    .bss.Remote_Gesturejudge.count_1  app_remote.o
    0x20000b75        -       0x00000001   Zero   RW         2352    .bss.Remote_Gesturejudge.count_2  app_remote.o
    0x20000b76        -       0x00000001   Zero   RW         2353    .bss.Remote_Gesturejudge.count_3  app_remote.o
    0x20000b77        -       0x00000001   Zero   RW         2354    .bss.Remote_Gesturejudge.count_4  app_remote.o
    0x20000b78        -       0x00000064   Zero   RW         2486    .bss.Remote_RemoteData  periph_remote.o
    0x20000bdc        -       0x00000004   Zero   RW           73    .bss.Remote_TaskHandHandle  freertos.o
    0x20000be0        -       0x00000008   Zero   RW         2350    .bss.Remote_remoteControlData  app_remote.o
    0x20000be8        -       0x00000040   Zero   RW         2508    .bss.Servo_SteeringServo  periph_servo.o
    0x20000c28        -       0x00000004   Zero   RW           60    .bss.SoftTimerHandle  freertos.o
    0x20000c2c        -       0x00000001   Zero   RW         3056    .bss.USBD_SetConfig.cfgidx  usbd_ctlreq.o
    0x20000c2d   COMPRESSED   0x00000003   PAD
    0x20000c30        -       0x00000200   Zero   RW          267    .bss.USBD_StrDesc   usbd_desc.o
    0x20000e30        -       0x00000220   Zero   RW          236    .bss.USBD_static_malloc.mem  usbd_conf.o
    0x20001050        -       0x00000800   Zero   RW          288    .bss.UserRxBufferFS  usbd_cdc_if.o
    0x20001850        -       0x00000800   Zero   RW          289    .bss.UserTxBufferFS  usbd_cdc_if.o
    0x20002050        -       0x00000004   Zero   RW           67    .bss.WatchDog_TaskHaHandle  freertos.o
    0x20002054        -       0x000002dc   Zero   RW          166    .bss.hUsbDeviceFS   usb_device.o
    0x20002330        -       0x00000028   Zero   RW           89    .bss.hcan1          can.o
    0x20002358        -       0x00000028   Zero   RW           90    .bss.hcan2          can.o
    0x20002380        -       0x00000060   Zero   RW          114    .bss.hdma_spi1_rx   spi.o
    0x200023e0        -       0x00000060   Zero   RW          115    .bss.hdma_spi1_tx   spi.o
    0x20002440        -       0x00000060   Zero   RW          155    .bss.hdma_usart1_rx  usart.o
    0x200024a0        -       0x00000060   Zero   RW          156    .bss.hdma_usart3_rx  usart.o
    0x20002500        -       0x0000050c   Zero   RW          235    .bss.hpcd_USB_OTG_FS  usbd_conf.o
    0x20002a0c        -       0x00000058   Zero   RW          113    .bss.hspi1          spi.o
    0x20002a64        -       0x00000048   Zero   RW          135    .bss.htim1          tim.o
    0x20002aac        -       0x00000048   Zero   RW          137    .bss.htim12         tim.o
    0x20002af4        -       0x00000048   Zero   RW          352    .bss.htim6          stm32f4xx_hal_timebase_tim.o
    0x20002b3c        -       0x00000048   Zero   RW          136    .bss.htim8          tim.o
    0x20002b84        -       0x00000044   Zero   RW          153    .bss.huart1         usart.o
    0x20002bc8        -       0x00000044   Zero   RW          154    .bss.huart3         usart.o
    0x20002c0c        -       0x000000a0   Zero   RW         2050    .bss.prvCheckForValidListAndQueue.ucStaticTimerQueueStorage  timers.o
    0x20002cac        -       0x00000048   Zero   RW         2049    .bss.prvCheckForValidListAndQueue.xStaticTimerQueue  timers.o
    0x20002cf4        -       0x00000004   Zero   RW         2046    .bss.prvSampleTimeNow.xLastTime  timers.o
    0x20002cf8        -       0x00000004   Zero   RW         1962    .bss.pxCurrentTCB   tasks.o
    0x20002cfc        -       0x00000004   Zero   RW         2044    .bss.pxCurrentTimerList  timers.o
    0x20002d00        -       0x00000004   Zero   RW         1972    .bss.pxDelayedTaskList  tasks.o
    0x20002d04        -       0x00000004   Zero   RW         2199    .bss.pxEnd          heap_4.o
    0x20002d08        -       0x00000004   Zero   RW         1973    .bss.pxOverflowDelayedTaskList  tasks.o
    0x20002d0c        -       0x00000004   Zero   RW         2045    .bss.pxOverflowTimerList  timers.o
    0x20002d10        -       0x0000008c   Zero   RW         1963    .bss.pxReadyTasksLists  tasks.o
    0x20002d9c        -       0x00006000   Zero   RW         2206    .bss.ucHeap         heap_4.o
    0x20008d9c        -       0x00000001   Zero   RW         2240    .bss.ucMaxSysCallPriority  port.o
    0x20008d9d   COMPRESSED   0x00000003   PAD
    0x20008da0        -       0x00000004   Zero   RW         2241    .bss.ulMaxPRIGROUPValue  port.o
    0x20008da4        -       0x00000004   Zero   RW          962    .bss.uwTick         stm32f4xx_hal.o
    0x20008da8        -       0x00000004   Zero   RW         1968    .bss.uxCurrentNumberOfTasks  tasks.o
    0x20008dac        -       0x00000004   Zero   RW         1967    .bss.uxDeletedTasksWaitingCleanUp  tasks.o
    0x20008db0        -       0x00000004   Zero   RW         1970    .bss.uxSchedulerSuspended  tasks.o
    0x20008db4        -       0x00000004   Zero   RW         1965    .bss.uxTaskNumber   tasks.o
    0x20008db8        -       0x00000004   Zero   RW         1964    .bss.uxTopReadyPriority  tasks.o
    0x20008dbc        -       0x00000014   Zero   RW         2047    .bss.xActiveTimerList1  timers.o
    0x20008dd0        -       0x00000014   Zero   RW         2048    .bss.xActiveTimerList2  timers.o
    0x20008de4        -       0x00000004   Zero   RW         2200    .bss.xBlockAllocatedBit  heap_4.o
    0x20008de8        -       0x00000014   Zero   RW         1982    .bss.xDelayedTaskList1  tasks.o
    0x20008dfc        -       0x00000014   Zero   RW         1983    .bss.xDelayedTaskList2  tasks.o
    0x20008e10        -       0x00000004   Zero   RW         2201    .bss.xFreeBytesRemaining  heap_4.o
    0x20008e14        -       0x00000200   Zero   RW           56    .bss.xIdleStack     freertos.o
    0x20009014        -       0x00000004   Zero   RW         1977    .bss.xIdleTaskHandle  tasks.o
    0x20009018        -       0x00000054   Zero   RW           55    .bss.xIdleTaskTCBBuffer  freertos.o
    0x2000906c        -       0x00000004   Zero   RW         2203    .bss.xMinimumEverFreeBytesRemaining  heap_4.o
    0x20009070        -       0x00000004   Zero   RW         1978    .bss.xNextTaskUnblockTime  tasks.o
    0x20009074        -       0x00000004   Zero   RW         1981    .bss.xNumOfOverflows  tasks.o
    0x20009078        -       0x00000004   Zero   RW         2204    .bss.xNumberOfSuccessfulAllocations  heap_4.o
    0x2000907c        -       0x00000004   Zero   RW         2205    .bss.xNumberOfSuccessfulFrees  heap_4.o
    0x20009080        -       0x00000004   Zero   RW         1980    .bss.xPendedTicks   tasks.o
    0x20009084        -       0x00000014   Zero   RW         1975    .bss.xPendingReadyList  tasks.o
    0x20009098        -       0x00000040   Zero   RW         1783    .bss.xQueueRegistry  queue.o
    0x200090d8        -       0x00000004   Zero   RW         1969    .bss.xSchedulerRunning  tasks.o
    0x200090dc        -       0x00000008   Zero   RW         2202    .bss.xStart         heap_4.o
    0x200090e4        -       0x00000014   Zero   RW         1974    .bss.xSuspendedTaskList  tasks.o
    0x200090f8        -       0x00000014   Zero   RW         1966    .bss.xTasksWaitingTermination  tasks.o
    0x2000910c        -       0x00000004   Zero   RW         1971    .bss.xTickCount     tasks.o
    0x20009110        -       0x00000004   Zero   RW         2041    .bss.xTimerQueue    timers.o
    0x20009114        -       0x00000400   Zero   RW           58    .bss.xTimerStack    freertos.o
    0x20009514        -       0x00000004   Zero   RW         2043    .bss.xTimerTaskHandle  timers.o
    0x20009518        -       0x00000054   Zero   RW           57    .bss.xTimerTaskTCBBuffer  freertos.o
    0x2000956c        -       0x00000004   Zero   RW         1979    .bss.xYieldPending  tasks.o
    0x20009570        -       0x00001000   Zero   RW            2    HEAP                startup_stm32f407xx.o
    0x2000a570        -       0x00000800   Zero   RW            1    STACK               startup_stm32f407xx.o


    Execution Region RW_IRAM2 (Exec base: 0x2001c000, Load base: 0x08016420, Size: 0x00000000, Max: 0x00004000, ABSOLUTE)

    **** No section assigned to this execution region ****


==============================================================================

Image component sizes


      Code (inc. data)   RO Data    RW Data    ZI Data      Debug   Object Name

       136          0          0          0          0       1834   alg_filter.o
      2936          0          0          0          0       6623   alg_kalman.o
       232          0          0          0          0       2904   alg_math.o
      1294          0          0          0          0       3839   alg_pid.o
      4604         64          0          0        692       8029   alg_quaternionekf.o
       854         12          0          0        552       3859   app_chassis.o
        34          0          0          0          0       1221   app_communicate.o
       100          0          0          0          0        608   app_init.o
      2606         28          0          0        216       6308   app_ins.o
       996         10          0          0         12       5938   app_remote.o
       190          4          0          0          2       1617   app_watchdog.o
       544          0          0          0         84       6459   can.o
       538          0          0          0          0      17431   cmsis_os.o
       152          0          0          0          0       3318   dma.o
       504          0        271          0       1732       4931   freertos.o
       812          0          0          0          0       4317   gpio.o
      1084          0          0          0      24608       4417   heap_4.o
        42          0          0          0          0       1640   lib_buff.o
       296          0          0          0          0       2218   list.o
       308          0          0          0          0       5599   main.o
      5810         56         18         38        116       7832   periph_bmi088.o
      1626         28          0          0        392       7019   periph_motor.o
      1274          0          0          0        100       7024   periph_remote.o
       180          4          0          0         64       5190   periph_servo.o
      1128         16          0          4          5       3841   port.o
       870          0          0          0        128       6385   protocol_common.o
        94          0          0          8          0       2442   protocol_receive.o
       282          0          0          8          0       3162   protocol_transmit.o
      2594          0          0          0         64      15678   queue.o
       486          0          0          0        280       5077   spi.o
        36          8        392          0       6144        836   startup_stm32f407xx.o
       158          0          0          5          4       7107   stm32f4xx_hal.o
      3080          0          0          0          0      11372   stm32f4xx_hal_can.o
       384          0          0          0          0       9456   stm32f4xx_hal_cortex.o
      2016          8          8          0          0       8499   stm32f4xx_hal_dma.o
      1108          0          0          0          0       5095   stm32f4xx_hal_gpio.o
        88          0          0          0          0       3345   stm32f4xx_hal_msp.o
      5136          0          0          0          0      14390   stm32f4xx_hal_pcd.o
       192          0          0          0          0       4174   stm32f4xx_hal_pcd_ex.o
      2730          0          0          0          0       7580   stm32f4xx_hal_rcc.o
      1588          0          0          0          0      19759   stm32f4xx_hal_spi.o
      4266         14          0          0          0      35939   stm32f4xx_hal_tim.o
       484          0          0          0          0      15332   stm32f4xx_hal_tim_ex.o
       240          0          0          0         72       7089   stm32f4xx_hal_timebase_tim.o
      2280          0          0          0          0      20227   stm32f4xx_hal_uart.o
       204          0          0          0          0       1980   stm32f4xx_it.o
      5572          0          0          0          0      19135   stm32f4xx_ll_usb.o
         0          0        498        164          0       4839   sys_const.o
       836          8          0          0         49       4369   sys_dwt.o
        28          0          0          0          0        583   sys_softtimer.o
        18          0         24          4          0       2513   system_stm32f4xx.o
      4332          0          5          0        300      23688   tasks.o
       792          0          0          0        216       6940   tim.o
      2022         10         13          0        292      11291   timers.o
       718          0          0          0        328       7220   usart.o
       118          0          0          0        732       3089   usb_device.o
      2518         12          0        136          0      10783   usbd_cdc.o
       312         36          0         20       4096       2592   usbd_cdc_if.o
      1398          4          0          0       1836      14359   usbd_conf.o
      2120          0          0          0          0       8961   usbd_core.o
      3360         30          0          0          1       8530   usbd_ctlreq.o
       572          0         66         76        512       3211   usbd_desc.o
       232          0          0          0          0       4174   usbd_ioreq.o
       420          0          0          0        228       4600   util_can.o
       108          0          0         48          0       2078   util_gpio.o
       540          4          0          0          0       5108   util_pwm.o
       122          0          0          0          0       5097   util_spi.o
       290          0          0          0          0       4739   util_uart.o

    ----------------------------------------------------------------------
     83544        356       1332        520      43868     486839   Object Totals
         0          0         32          0          0          0   (incl. Generated)
       520          0          5          9         11          0   (incl. Padding)

    ----------------------------------------------------------------------

      Code (inc. data)   RO Data    RW Data    ZI Data      Debug   Library Member Name

         0          0       2052          0          0       3698   arm_common_tables.o
       160         12          0          0          0       1107   arm_cos_f32.o
       190          0          0          0          0       1726   arm_mat_add_f32.o
         8          0          0          0          0        845   arm_mat_init_f32.o
       720          4          0          0          0       3399   arm_mat_inverse_f32.o
       316          4          0          0          0       2307   arm_mat_mult_f32.o
       190          0          0          0          0       1726   arm_mat_sub_f32.o
       178          0          0          0          0       1817   arm_mat_trans_f32.o
       152         12          0          0          0       1102   arm_sin_f32.o
       280         46          0          0          0        176   acosf.o
       300         42          0          0          0        176   asinf.o
       684         90          0          0          0        208   atan2f.o
        38          0          0          0          0        116   fpclassifyf.o
        44         12          0          0          0        464   funder.o
       120          0          0          0          0        272   sqrtf.o
        86          0          0          0          0          0   __dczerorl2.o
         0          0          0          0          0          0   entry.o
         0          0          0          0          0          0   entry10a.o
         0          0          0          0          0          0   entry11a.o
         8          4          0          0          0          0   entry2.o
         4          0          0          0          0          0   entry5.o
         0          0          0          0          0          0   entry7b.o
         0          0          0          0          0          0   entry8b.o
         8          4          0          0          0          0   entry9a.o
        12          6          0          4          0         68   errno.o
        30          0          0          0          0          0   handlers.o
        48         10          0          0          0         68   init.o
         0          0          0          0          0          0   iusefp.o
        30          0          0          0          0         68   llshl.o
        32          0          0          0          0         68   llushr.o
       108         16          0          0          0         84   malloc.o
        36          0          0          0          0         68   memcpya.o
        36          0          0          0          0        108   memseta.o
         0          0          0          8          0          0   mvars.o
        98          0          0          0          0         92   uldiv.o

    ----------------------------------------------------------------------
      3932        262       2052         12          0      19763   Library Totals
        16          0          0          0          0          0   (incl. Padding)

    ----------------------------------------------------------------------

      Code (inc. data)   RO Data    RW Data    ZI Data      Debug   Library Name

      1914         32       2052          0          0      17727   arm_cortexM4lf_math.lib
      1466        190          0          0          0       1412   m_wm.l
       536         40          0         12          0        624   mc_w.l

    ----------------------------------------------------------------------
      3932        262       2052         12          0      19763   Library Totals

    ----------------------------------------------------------------------

==============================================================================


      Code (inc. data)   RO Data    RW Data    ZI Data      Debug   

     87476        618       3384        532      43868     504366   Grand Totals
     87476        618       3384        304      43868     504366   ELF Image Totals (compressed)
     87476        618       3384        304          0          0   ROM Totals

==============================================================================

    Total RO  Size (Code + RO Data)                90860 (  88.73kB)
    Total RW  Size (RW Data + ZI Data)             44400 (  43.36kB)
    Total ROM Size (Code + RO Data + RW Data)      91164 (  89.03kB)

==============================================================================

